
code.elf:     file format elf32-avr


Disassembly of section .text:

00000000 <__vectors>:
       0:	0c 94 24 01 	jmp	0x248	; 0x248 <__ctors_end>
       4:	0c 94 41 01 	jmp	0x282	; 0x282 <__bad_interrupt>
       8:	0c 94 41 01 	jmp	0x282	; 0x282 <__bad_interrupt>
       c:	0c 94 41 01 	jmp	0x282	; 0x282 <__bad_interrupt>
      10:	0c 94 41 01 	jmp	0x282	; 0x282 <__bad_interrupt>
      14:	0c 94 41 01 	jmp	0x282	; 0x282 <__bad_interrupt>
      18:	0c 94 41 01 	jmp	0x282	; 0x282 <__bad_interrupt>
      1c:	0c 94 41 01 	jmp	0x282	; 0x282 <__bad_interrupt>
      20:	0c 94 41 01 	jmp	0x282	; 0x282 <__bad_interrupt>
      24:	0c 94 41 01 	jmp	0x282	; 0x282 <__bad_interrupt>
      28:	0c 94 41 01 	jmp	0x282	; 0x282 <__bad_interrupt>
      2c:	0c 94 43 01 	jmp	0x286	; 0x286 <__vector_11>
      30:	0c 94 41 01 	jmp	0x282	; 0x282 <__bad_interrupt>
      34:	0c 94 41 01 	jmp	0x282	; 0x282 <__bad_interrupt>
      38:	0c 94 41 01 	jmp	0x282	; 0x282 <__bad_interrupt>
      3c:	0c 94 41 01 	jmp	0x282	; 0x282 <__bad_interrupt>
      40:	0c 94 41 01 	jmp	0x282	; 0x282 <__bad_interrupt>
      44:	0c 94 41 01 	jmp	0x282	; 0x282 <__bad_interrupt>
      48:	0c 94 41 01 	jmp	0x282	; 0x282 <__bad_interrupt>
      4c:	0c 94 41 01 	jmp	0x282	; 0x282 <__bad_interrupt>
      50:	0c 94 41 01 	jmp	0x282	; 0x282 <__bad_interrupt>
      54:	0c 94 41 01 	jmp	0x282	; 0x282 <__bad_interrupt>
      58:	0c 94 41 01 	jmp	0x282	; 0x282 <__bad_interrupt>
      5c:	0c 94 41 01 	jmp	0x282	; 0x282 <__bad_interrupt>
      60:	0c 94 41 01 	jmp	0x282	; 0x282 <__bad_interrupt>
      64:	0c 94 41 01 	jmp	0x282	; 0x282 <__bad_interrupt>

00000068 <CHARSET>:
      68:	00 00 00 00 00 00 00 5f 00 00 00 07 00 07 00 14     ......._........
      78:	7f 14 7f 14 24 2a 7f 2a 12 23 13 08 64 62 36 49     ....$*.*.#..db6I
      88:	55 22 50 00 05 03 00 00 00 1c 22 41 00 00 41 22     U"P......."A..A"
      98:	1c 00 14 08 3e 08 14 08 08 3e 08 08 00 50 30 00     ....>....>...P0.
      a8:	00 08 08 08 08 08 00 60 60 00 00 20 10 08 04 02     .......``.. ....
      b8:	3e 51 49 45 3e 00 42 7f 40 00 42 61 51 49 46 21     >QIE>.B.@.BaQIF!
      c8:	41 45 4b 31 18 14 12 7f 10 27 45 45 45 39 3c 4a     AEK1.....'EEE9<J
      d8:	49 49 30 01 71 09 05 03 36 49 49 49 36 06 49 49     II0.q...6III6.II
      e8:	29 1e 00 36 36 00 00 00 56 36 00 00 08 14 22 41     )..66...V6...."A
      f8:	00 14 14 14 14 14 00 41 22 14 08 02 01 51 09 06     .......A"....Q..
     108:	32 49 79 41 3e 7e 11 11 11 7e 7f 49 49 49 36 3e     2IyA>~...~.III6>
     118:	41 41 41 22 7f 41 41 22 1c 7f 49 49 49 41 7f 09     AAA".AA"..IIIA..
     128:	09 09 01 3e 41 49 49 7a 7f 08 08 08 7f 00 41 7f     ...>AIIz......A.
     138:	41 00 20 40 41 3f 01 7f 08 14 22 41 7f 40 40 40     A. @A?...."A.@@@
     148:	40 7f 02 0c 02 7f 7f 04 08 10 7f 3e 41 41 41 3e     @..........>AAA>
     158:	7f 09 09 09 06 3e 41 51 21 5e 7f 09 19 29 46 46     .....>AQ!^...)FF
     168:	49 49 49 31 01 01 7f 01 01 3f 40 40 40 3f 1f 20     III1.....?@@@?. 
     178:	40 20 1f 3f 40 38 40 3f 63 14 08 14 63 07 08 70     @ .?@8@?c...c..p
     188:	08 07 61 51 49 45 43 00 7f 41 41 00 02 04 08 10     ..aQIEC..AA.....
     198:	20 00 41 41 7f 00 04 02 01 02 04 40 40 40 40 40      .AA.......@@@@@
     1a8:	00 01 02 04 00 20 54 54 54 78 7f 48 44 44 38 38     ..... TTTx.HDD88
     1b8:	44 44 44 20 38 44 44 48 7f 38 54 54 54 18 08 7e     DDD 8DDH.8TTT..~
     1c8:	09 01 02 0c 52 52 52 3e 7f 08 04 04 78 00 44 7d     ....RRR>....x.D}
     1d8:	40 00 20 40 44 3d 00 7f 10 28 44 00 00 41 7f 40     @. @D=...(D..A.@
     1e8:	00 7c 04 18 04 78 7c 08 04 04 78 38 44 44 44 38     .|...x|...x8DDD8
     1f8:	7c 14 14 14 08 08 14 14 18 7c 7c 08 04 04 08 48     |........||....H
     208:	54 54 54 20 04 3f 44 40 20 3c 40 40 20 7c 1c 20     TTT .?D@ <@@ |. 
     218:	40 20 1c 3c 40 30 40 3c 44 28 10 28 44 0c 50 50     @ .<@0@<D(.(D.PP
     228:	50 3c 44 64 54 4c 44 00 08 36 41 00 00 00 7f 00     P<DdTLD..6A.....
     238:	00 00 41 36 08 00 10 08 08 10 08 00 00 00 00 00     ..A6............

00000248 <__ctors_end>:
     248:	11 24       	eor	r1, r1
     24a:	1f be       	out	0x3f, r1	; 63
     24c:	cf ef       	ldi	r28, 0xFF	; 255
     24e:	d8 e0       	ldi	r29, 0x08	; 8
     250:	de bf       	out	0x3e, r29	; 62
     252:	cd bf       	out	0x3d, r28	; 61

00000254 <__do_copy_data>:
     254:	11 e0       	ldi	r17, 0x01	; 1
     256:	a0 e0       	ldi	r26, 0x00	; 0
     258:	b1 e0       	ldi	r27, 0x01	; 1
     25a:	e2 ef       	ldi	r30, 0xF2	; 242
     25c:	f4 e1       	ldi	r31, 0x14	; 20
     25e:	02 c0       	rjmp	.+4      	; 0x264 <__do_copy_data+0x10>
     260:	05 90       	lpm	r0, Z+
     262:	0d 92       	st	X+, r0
     264:	ac 33       	cpi	r26, 0x3C	; 60
     266:	b1 07       	cpc	r27, r17
     268:	d9 f7       	brne	.-10     	; 0x260 <__do_copy_data+0xc>

0000026a <__do_clear_bss>:
     26a:	23 e0       	ldi	r18, 0x03	; 3
     26c:	ac e3       	ldi	r26, 0x3C	; 60
     26e:	b1 e0       	ldi	r27, 0x01	; 1
     270:	01 c0       	rjmp	.+2      	; 0x274 <.do_clear_bss_start>

00000272 <.do_clear_bss_loop>:
     272:	1d 92       	st	X+, r1

00000274 <.do_clear_bss_start>:
     274:	ab 37       	cpi	r26, 0x7B	; 123
     276:	b2 07       	cpc	r27, r18
     278:	e1 f7       	brne	.-8      	; 0x272 <.do_clear_bss_loop>
     27a:	0e 94 9e 04 	call	0x93c	; 0x93c <main>
     27e:	0c 94 77 0a 	jmp	0x14ee	; 0x14ee <_exit>

00000282 <__bad_interrupt>:
     282:	0c 94 00 00 	jmp	0	; 0x0 <__vectors>

00000286 <__vector_11>:
     286:	1f 92       	push	r1
     288:	0f 92       	push	r0
     28a:	0f b6       	in	r0, 0x3f	; 63
     28c:	0f 92       	push	r0
     28e:	11 24       	eor	r1, r1
     290:	ef 92       	push	r14
     292:	ff 92       	push	r15
     294:	0f 93       	push	r16
     296:	1f 93       	push	r17
     298:	2f 93       	push	r18
     29a:	3f 93       	push	r19
     29c:	4f 93       	push	r20
     29e:	5f 93       	push	r21
     2a0:	6f 93       	push	r22
     2a2:	7f 93       	push	r23
     2a4:	8f 93       	push	r24
     2a6:	9f 93       	push	r25
     2a8:	af 93       	push	r26
     2aa:	bf 93       	push	r27
     2ac:	ef 93       	push	r30
     2ae:	ff 93       	push	r31
     2b0:	cf 93       	push	r28
     2b2:	df 93       	push	r29
     2b4:	cd b7       	in	r28, 0x3d	; 61
     2b6:	de b7       	in	r29, 0x3e	; 62
     2b8:	61 97       	sbiw	r28, 0x11	; 17
     2ba:	de bf       	out	0x3e, r29	; 62
     2bc:	cd bf       	out	0x3d, r28	; 61
     2be:	80 91 3e 01 	lds	r24, 0x013E	; 0x80013e <interruption_count>
     2c2:	90 91 3f 01 	lds	r25, 0x013F	; 0x80013f <interruption_count+0x1>
     2c6:	01 96       	adiw	r24, 0x01	; 1
     2c8:	90 93 3f 01 	sts	0x013F, r25	; 0x80013f <interruption_count+0x1>
     2cc:	80 93 3e 01 	sts	0x013E, r24	; 0x80013e <interruption_count>
     2d0:	06 97       	sbiw	r24, 0x06	; 6
     2d2:	51 f4       	brne	.+20     	; 0x2e8 <__vector_11+0x62>
     2d4:	07 e1       	ldi	r16, 0x17	; 23
     2d6:	11 e0       	ldi	r17, 0x01	; 1
     2d8:	ce 01       	movw	r24, r28
     2da:	01 96       	adiw	r24, 0x01	; 1
     2dc:	7c 01       	movw	r14, r24
     2de:	48 99       	sbic	0x09, 0	; 9
     2e0:	20 c0       	rjmp	.+64     	; 0x322 <__vector_11+0x9c>
     2e2:	81 e0       	ldi	r24, 0x01	; 1
     2e4:	80 93 40 01 	sts	0x0140, r24	; 0x800140 <game_over>
     2e8:	61 96       	adiw	r28, 0x11	; 17
     2ea:	0f b6       	in	r0, 0x3f	; 63
     2ec:	f8 94       	cli
     2ee:	de bf       	out	0x3e, r29	; 62
     2f0:	0f be       	out	0x3f, r0	; 63
     2f2:	cd bf       	out	0x3d, r28	; 61
     2f4:	df 91       	pop	r29
     2f6:	cf 91       	pop	r28
     2f8:	ff 91       	pop	r31
     2fa:	ef 91       	pop	r30
     2fc:	bf 91       	pop	r27
     2fe:	af 91       	pop	r26
     300:	9f 91       	pop	r25
     302:	8f 91       	pop	r24
     304:	7f 91       	pop	r23
     306:	6f 91       	pop	r22
     308:	5f 91       	pop	r21
     30a:	4f 91       	pop	r20
     30c:	3f 91       	pop	r19
     30e:	2f 91       	pop	r18
     310:	1f 91       	pop	r17
     312:	0f 91       	pop	r16
     314:	ff 90       	pop	r15
     316:	ef 90       	pop	r14
     318:	0f 90       	pop	r0
     31a:	0f be       	out	0x3f, r0	; 63
     31c:	0f 90       	pop	r0
     31e:	1f 90       	pop	r1
     320:	18 95       	reti
     322:	0e 94 45 02 	call	0x48a	; 0x48a <nokia_lcd_clear>
     326:	60 e0       	ldi	r22, 0x00	; 0
     328:	84 e1       	ldi	r24, 0x14	; 20
     32a:	0e 94 2f 03 	call	0x65e	; 0x65e <nokia_lcd_set_cursor>
     32e:	62 e0       	ldi	r22, 0x02	; 2
     330:	84 e0       	ldi	r24, 0x04	; 4
     332:	91 e0       	ldi	r25, 0x01	; 1
     334:	0e 94 1f 03 	call	0x63e	; 0x63e <nokia_lcd_write_string>
     338:	64 e1       	ldi	r22, 0x14	; 20
     33a:	84 e1       	ldi	r24, 0x14	; 20
     33c:	0e 94 2f 03 	call	0x65e	; 0x65e <nokia_lcd_set_cursor>
     340:	62 e0       	ldi	r22, 0x02	; 2
     342:	89 e0       	ldi	r24, 0x09	; 9
     344:	91 e0       	ldi	r25, 0x01	; 1
     346:	0e 94 1f 03 	call	0x63e	; 0x63e <nokia_lcd_write_string>
     34a:	68 e2       	ldi	r22, 0x28	; 40
     34c:	80 e0       	ldi	r24, 0x00	; 0
     34e:	0e 94 2f 03 	call	0x65e	; 0x65e <nokia_lcd_set_cursor>
     352:	61 e0       	ldi	r22, 0x01	; 1
     354:	8e e0       	ldi	r24, 0x0E	; 14
     356:	91 e0       	ldi	r25, 0x01	; 1
     358:	0e 94 1f 03 	call	0x63e	; 0x63e <nokia_lcd_write_string>
     35c:	80 91 3d 01 	lds	r24, 0x013D	; 0x80013d <points_counter+0x1>
     360:	8f 93       	push	r24
     362:	80 91 3c 01 	lds	r24, 0x013C	; 0x80013c <points_counter>
     366:	8f 93       	push	r24
     368:	1f 93       	push	r17
     36a:	0f 93       	push	r16
     36c:	ff 92       	push	r15
     36e:	ef 92       	push	r14
     370:	0e 94 43 07 	call	0xe86	; 0xe86 <sprintf>
     374:	68 e2       	ldi	r22, 0x28	; 40
     376:	8d e2       	ldi	r24, 0x2D	; 45
     378:	0e 94 2f 03 	call	0x65e	; 0x65e <nokia_lcd_set_cursor>
     37c:	61 e0       	ldi	r22, 0x01	; 1
     37e:	c7 01       	movw	r24, r14
     380:	0e 94 1f 03 	call	0x63e	; 0x63e <nokia_lcd_write_string>
     384:	0e 94 89 04 	call	0x912	; 0x912 <nokia_lcd_render>
     388:	0f 90       	pop	r0
     38a:	0f 90       	pop	r0
     38c:	0f 90       	pop	r0
     38e:	0f 90       	pop	r0
     390:	0f 90       	pop	r0
     392:	0f 90       	pop	r0
     394:	a4 cf       	rjmp	.-184    	; 0x2de <__vector_11+0x58>

00000396 <timer1_init>:
     396:	10 92 85 00 	sts	0x0085, r1	; 0x800085 <__TEXT_REGION_LENGTH__+0x7e0085>
     39a:	10 92 84 00 	sts	0x0084, r1	; 0x800084 <__TEXT_REGION_LENGTH__+0x7e0084>
     39e:	e1 e8       	ldi	r30, 0x81	; 129
     3a0:	f0 e0       	ldi	r31, 0x00	; 0
     3a2:	80 81       	ld	r24, Z
     3a4:	88 60       	ori	r24, 0x08	; 8
     3a6:	80 83       	st	Z, r24
     3a8:	80 81       	ld	r24, Z
     3aa:	85 60       	ori	r24, 0x05	; 5
     3ac:	80 83       	st	Z, r24
     3ae:	89 e0       	ldi	r24, 0x09	; 9
     3b0:	9d e3       	ldi	r25, 0x3D	; 61
     3b2:	90 93 89 00 	sts	0x0089, r25	; 0x800089 <__TEXT_REGION_LENGTH__+0x7e0089>
     3b6:	80 93 88 00 	sts	0x0088, r24	; 0x800088 <__TEXT_REGION_LENGTH__+0x7e0088>
     3ba:	ef e6       	ldi	r30, 0x6F	; 111
     3bc:	f0 e0       	ldi	r31, 0x00	; 0
     3be:	80 81       	ld	r24, Z
     3c0:	82 60       	ori	r24, 0x02	; 2
     3c2:	80 83       	st	Z, r24
     3c4:	08 95       	ret

000003c6 <write>:
     3c6:	29 98       	cbi	0x05, 1	; 5
     3c8:	66 23       	and	r22, r22
     3ca:	a9 f0       	breq	.+42     	; 0x3f6 <write+0x30>
     3cc:	2b 9a       	sbi	0x05, 3	; 5
     3ce:	27 e0       	ldi	r18, 0x07	; 7
     3d0:	30 e0       	ldi	r19, 0x00	; 0
     3d2:	90 e0       	ldi	r25, 0x00	; 0
     3d4:	ac 01       	movw	r20, r24
     3d6:	02 2e       	mov	r0, r18
     3d8:	02 c0       	rjmp	.+4      	; 0x3de <write+0x18>
     3da:	55 95       	asr	r21
     3dc:	47 95       	ror	r20
     3de:	0a 94       	dec	r0
     3e0:	e2 f7       	brpl	.-8      	; 0x3da <write+0x14>
     3e2:	40 ff       	sbrs	r20, 0
     3e4:	0a c0       	rjmp	.+20     	; 0x3fa <write+0x34>
     3e6:	2c 9a       	sbi	0x05, 4	; 5
     3e8:	2d 9a       	sbi	0x05, 5	; 5
     3ea:	2d 98       	cbi	0x05, 5	; 5
     3ec:	21 50       	subi	r18, 0x01	; 1
     3ee:	31 09       	sbc	r19, r1
     3f0:	88 f7       	brcc	.-30     	; 0x3d4 <write+0xe>
     3f2:	29 9a       	sbi	0x05, 1	; 5
     3f4:	08 95       	ret
     3f6:	2b 98       	cbi	0x05, 3	; 5
     3f8:	ea cf       	rjmp	.-44     	; 0x3ce <write+0x8>
     3fa:	2c 98       	cbi	0x05, 4	; 5
     3fc:	f5 cf       	rjmp	.-22     	; 0x3e8 <write+0x22>

000003fe <write_cmd>:
     3fe:	60 e0       	ldi	r22, 0x00	; 0
     400:	0c 94 e3 01 	jmp	0x3c6	; 0x3c6 <write>

00000404 <nokia_lcd_init>:
     404:	cf 93       	push	r28
     406:	df 93       	push	r29
     408:	21 9a       	sbi	0x04, 1	; 4
     40a:	22 9a       	sbi	0x04, 2	; 4
     40c:	23 9a       	sbi	0x04, 3	; 4
     40e:	24 9a       	sbi	0x04, 4	; 4
     410:	25 9a       	sbi	0x04, 5	; 4
     412:	2a 9a       	sbi	0x05, 2	; 5
     414:	29 9a       	sbi	0x05, 1	; 5
     416:	8f e3       	ldi	r24, 0x3F	; 63
     418:	9c e9       	ldi	r25, 0x9C	; 156
     41a:	01 97       	sbiw	r24, 0x01	; 1
     41c:	f1 f7       	brne	.-4      	; 0x41a <nokia_lcd_init+0x16>
     41e:	00 c0       	rjmp	.+0      	; 0x420 <nokia_lcd_init+0x1c>
     420:	00 00       	nop
     422:	2a 98       	cbi	0x05, 2	; 5
     424:	9f ef       	ldi	r25, 0xFF	; 255
     426:	2a e6       	ldi	r18, 0x6A	; 106
     428:	83 e0       	ldi	r24, 0x03	; 3
     42a:	91 50       	subi	r25, 0x01	; 1
     42c:	20 40       	sbci	r18, 0x00	; 0
     42e:	80 40       	sbci	r24, 0x00	; 0
     430:	e1 f7       	brne	.-8      	; 0x42a <nokia_lcd_init+0x26>
     432:	00 c0       	rjmp	.+0      	; 0x434 <nokia_lcd_init+0x30>
     434:	00 00       	nop
     436:	2a 9a       	sbi	0x05, 2	; 5
     438:	29 98       	cbi	0x05, 1	; 5
     43a:	81 e2       	ldi	r24, 0x21	; 33
     43c:	0e 94 ff 01 	call	0x3fe	; 0x3fe <write_cmd>
     440:	83 e1       	ldi	r24, 0x13	; 19
     442:	0e 94 ff 01 	call	0x3fe	; 0x3fe <write_cmd>
     446:	86 e0       	ldi	r24, 0x06	; 6
     448:	0e 94 ff 01 	call	0x3fe	; 0x3fe <write_cmd>
     44c:	82 ec       	ldi	r24, 0xC2	; 194
     44e:	0e 94 ff 01 	call	0x3fe	; 0x3fe <write_cmd>
     452:	80 e2       	ldi	r24, 0x20	; 32
     454:	0e 94 ff 01 	call	0x3fe	; 0x3fe <write_cmd>
     458:	89 e0       	ldi	r24, 0x09	; 9
     45a:	0e 94 ff 01 	call	0x3fe	; 0x3fe <write_cmd>
     45e:	80 e8       	ldi	r24, 0x80	; 128
     460:	0e 94 ff 01 	call	0x3fe	; 0x3fe <write_cmd>
     464:	80 e4       	ldi	r24, 0x40	; 64
     466:	0e 94 ff 01 	call	0x3fe	; 0x3fe <write_cmd>
     46a:	c8 ef       	ldi	r28, 0xF8	; 248
     46c:	d1 e0       	ldi	r29, 0x01	; 1
     46e:	61 e0       	ldi	r22, 0x01	; 1
     470:	80 e0       	ldi	r24, 0x00	; 0
     472:	0e 94 e3 01 	call	0x3c6	; 0x3c6 <write>
     476:	21 97       	sbiw	r28, 0x01	; 1
     478:	d1 f7       	brne	.-12     	; 0x46e <nokia_lcd_init+0x6a>
     47a:	88 e0       	ldi	r24, 0x08	; 8
     47c:	0e 94 ff 01 	call	0x3fe	; 0x3fe <write_cmd>
     480:	8c e0       	ldi	r24, 0x0C	; 12
     482:	df 91       	pop	r29
     484:	cf 91       	pop	r28
     486:	0c 94 ff 01 	jmp	0x3fe	; 0x3fe <write_cmd>

0000048a <nokia_lcd_clear>:
     48a:	80 e8       	ldi	r24, 0x80	; 128
     48c:	0e 94 ff 01 	call	0x3fe	; 0x3fe <write_cmd>
     490:	80 e4       	ldi	r24, 0x40	; 64
     492:	0e 94 ff 01 	call	0x3fe	; 0x3fe <write_cmd>
     496:	10 92 79 03 	sts	0x0379, r1	; 0x800379 <nokia_lcd+0x1f8>
     49a:	10 92 7a 03 	sts	0x037A, r1	; 0x80037a <nokia_lcd+0x1f9>
     49e:	e1 e8       	ldi	r30, 0x81	; 129
     4a0:	f1 e0       	ldi	r31, 0x01	; 1
     4a2:	88 ef       	ldi	r24, 0xF8	; 248
     4a4:	91 e0       	ldi	r25, 0x01	; 1
     4a6:	df 01       	movw	r26, r30
     4a8:	9c 01       	movw	r18, r24
     4aa:	1d 92       	st	X+, r1
     4ac:	21 50       	subi	r18, 0x01	; 1
     4ae:	30 40       	sbci	r19, 0x00	; 0
     4b0:	e1 f7       	brne	.-8      	; 0x4aa <nokia_lcd_clear+0x20>
     4b2:	08 95       	ret

000004b4 <nokia_lcd_power>:
     4b4:	81 11       	cpse	r24, r1
     4b6:	03 c0       	rjmp	.+6      	; 0x4be <nokia_lcd_power+0xa>
     4b8:	84 e2       	ldi	r24, 0x24	; 36
     4ba:	0c 94 ff 01 	jmp	0x3fe	; 0x3fe <write_cmd>
     4be:	80 e2       	ldi	r24, 0x20	; 32
     4c0:	fc cf       	rjmp	.-8      	; 0x4ba <nokia_lcd_power+0x6>

000004c2 <nokia_lcd_set_pixel>:
     4c2:	96 2f       	mov	r25, r22
     4c4:	96 95       	lsr	r25
     4c6:	96 95       	lsr	r25
     4c8:	96 95       	lsr	r25
     4ca:	e8 2f       	mov	r30, r24
     4cc:	f0 e0       	ldi	r31, 0x00	; 0
     4ce:	84 e5       	ldi	r24, 0x54	; 84
     4d0:	98 9f       	mul	r25, r24
     4d2:	e0 0d       	add	r30, r0
     4d4:	f1 1d       	adc	r31, r1
     4d6:	11 24       	eor	r1, r1
     4d8:	ef 57       	subi	r30, 0x7F	; 127
     4da:	fe 4f       	sbci	r31, 0xFE	; 254
     4dc:	20 81       	ld	r18, Z
     4de:	67 70       	andi	r22, 0x07	; 7
     4e0:	81 e0       	ldi	r24, 0x01	; 1
     4e2:	90 e0       	ldi	r25, 0x00	; 0
     4e4:	01 c0       	rjmp	.+2      	; 0x4e8 <nokia_lcd_set_pixel+0x26>
     4e6:	88 0f       	add	r24, r24
     4e8:	6a 95       	dec	r22
     4ea:	ea f7       	brpl	.-6      	; 0x4e6 <nokia_lcd_set_pixel+0x24>
     4ec:	44 23       	and	r20, r20
     4ee:	19 f0       	breq	.+6      	; 0x4f6 <nokia_lcd_set_pixel+0x34>
     4f0:	28 2b       	or	r18, r24
     4f2:	20 83       	st	Z, r18
     4f4:	08 95       	ret
     4f6:	80 95       	com	r24
     4f8:	28 23       	and	r18, r24
     4fa:	fb cf       	rjmp	.-10     	; 0x4f2 <nokia_lcd_set_pixel+0x30>

000004fc <nokia_lcd_write_char>:
     4fc:	8f 92       	push	r8
     4fe:	9f 92       	push	r9
     500:	af 92       	push	r10
     502:	bf 92       	push	r11
     504:	df 92       	push	r13
     506:	ef 92       	push	r14
     508:	ff 92       	push	r15
     50a:	0f 93       	push	r16
     50c:	1f 93       	push	r17
     50e:	cf 93       	push	r28
     510:	df 93       	push	r29
     512:	00 d0       	rcall	.+0      	; 0x514 <nokia_lcd_write_char+0x18>
     514:	00 d0       	rcall	.+0      	; 0x516 <nokia_lcd_write_char+0x1a>
     516:	0f 92       	push	r0
     518:	cd b7       	in	r28, 0x3d	; 61
     51a:	de b7       	in	r29, 0x3e	; 62
     51c:	e8 2f       	mov	r30, r24
     51e:	f6 2e       	mov	r15, r22
     520:	80 32       	cpi	r24, 0x20	; 32
     522:	0c f4       	brge	.+2      	; 0x526 <nokia_lcd_write_char+0x2a>
     524:	4d c0       	rjmp	.+154    	; 0x5c0 <nokia_lcd_write_char+0xc4>
     526:	e0 52       	subi	r30, 0x20	; 32
     528:	85 e0       	ldi	r24, 0x05	; 5
     52a:	e8 02       	muls	r30, r24
     52c:	b0 01       	movw	r22, r0
     52e:	11 24       	eor	r1, r1
     530:	68 59       	subi	r22, 0x98	; 152
     532:	7f 4f       	sbci	r23, 0xFF	; 255
     534:	45 e0       	ldi	r20, 0x05	; 5
     536:	50 e0       	ldi	r21, 0x00	; 0
     538:	ce 01       	movw	r24, r28
     53a:	01 96       	adiw	r24, 0x01	; 1
     53c:	0e 94 3a 07 	call	0xe74	; 0xe74 <memcpy_P>
     540:	8e 01       	movw	r16, r28
     542:	0f 5f       	subi	r16, 0xFF	; 255
     544:	1f 4f       	sbci	r17, 0xFF	; 255
     546:	95 e0       	ldi	r25, 0x05	; 5
     548:	f9 9e       	mul	r15, r25
     54a:	50 01       	movw	r10, r0
     54c:	11 24       	eor	r1, r1
     54e:	87 e0       	ldi	r24, 0x07	; 7
     550:	f8 9e       	mul	r15, r24
     552:	40 01       	movw	r8, r0
     554:	11 24       	eor	r1, r1
     556:	e1 2c       	mov	r14, r1
     558:	ea 14       	cp	r14, r10
     55a:	1b 04       	cpc	r1, r11
     55c:	0c f4       	brge	.+2      	; 0x560 <nokia_lcd_write_char+0x64>
     55e:	63 c0       	rjmp	.+198    	; 0x626 <nokia_lcd_write_char+0x12a>
     560:	80 91 79 03 	lds	r24, 0x0379	; 0x800379 <nokia_lcd+0x1f8>
     564:	8f 5f       	subi	r24, 0xFF	; 255
     566:	9f 2d       	mov	r25, r15
     568:	99 0f       	add	r25, r25
     56a:	99 0f       	add	r25, r25
     56c:	9f 0d       	add	r25, r15
     56e:	89 0f       	add	r24, r25
     570:	80 93 79 03 	sts	0x0379, r24	; 0x800379 <nokia_lcd+0x1f8>
     574:	84 35       	cpi	r24, 0x54	; 84
     576:	58 f0       	brcs	.+22     	; 0x58e <nokia_lcd_write_char+0x92>
     578:	80 91 7a 03 	lds	r24, 0x037A	; 0x80037a <nokia_lcd+0x1f9>
     57c:	10 92 79 03 	sts	0x0379, r1	; 0x800379 <nokia_lcd+0x1f8>
     580:	8f 5f       	subi	r24, 0xFF	; 255
     582:	97 e0       	ldi	r25, 0x07	; 7
     584:	f9 9e       	mul	r15, r25
     586:	80 0d       	add	r24, r0
     588:	11 24       	eor	r1, r1
     58a:	80 93 7a 03 	sts	0x037A, r24	; 0x80037a <nokia_lcd+0x1f9>
     58e:	80 91 7a 03 	lds	r24, 0x037A	; 0x80037a <nokia_lcd+0x1f9>
     592:	80 33       	cpi	r24, 0x30	; 48
     594:	20 f0       	brcs	.+8      	; 0x59e <nokia_lcd_write_char+0xa2>
     596:	10 92 79 03 	sts	0x0379, r1	; 0x800379 <nokia_lcd+0x1f8>
     59a:	10 92 7a 03 	sts	0x037A, r1	; 0x80037a <nokia_lcd+0x1f9>
     59e:	0f 90       	pop	r0
     5a0:	0f 90       	pop	r0
     5a2:	0f 90       	pop	r0
     5a4:	0f 90       	pop	r0
     5a6:	0f 90       	pop	r0
     5a8:	df 91       	pop	r29
     5aa:	cf 91       	pop	r28
     5ac:	1f 91       	pop	r17
     5ae:	0f 91       	pop	r16
     5b0:	ff 90       	pop	r15
     5b2:	ef 90       	pop	r14
     5b4:	df 90       	pop	r13
     5b6:	bf 90       	pop	r11
     5b8:	af 90       	pop	r10
     5ba:	9f 90       	pop	r9
     5bc:	8f 90       	pop	r8
     5be:	08 95       	ret
     5c0:	ee 0f       	add	r30, r30
     5c2:	ff 0b       	sbc	r31, r31
     5c4:	ef 5b       	subi	r30, 0xBF	; 191
     5c6:	fe 4f       	sbci	r31, 0xFE	; 254
     5c8:	00 81       	ld	r16, Z
     5ca:	11 81       	ldd	r17, Z+1	; 0x01
     5cc:	01 15       	cp	r16, r1
     5ce:	11 05       	cpc	r17, r1
     5d0:	09 f0       	breq	.+2      	; 0x5d4 <nokia_lcd_write_char+0xd8>
     5d2:	b9 cf       	rjmp	.-142    	; 0x546 <nokia_lcd_write_char+0x4a>
     5d4:	45 e0       	ldi	r20, 0x05	; 5
     5d6:	50 e0       	ldi	r21, 0x00	; 0
     5d8:	68 e6       	ldi	r22, 0x68	; 104
     5da:	70 e0       	ldi	r23, 0x00	; 0
     5dc:	ad cf       	rjmp	.-166    	; 0x538 <nokia_lcd_write_char+0x3c>
     5de:	ed 0d       	add	r30, r13
     5e0:	5e 0d       	add	r21, r14
     5e2:	8e 2d       	mov	r24, r14
     5e4:	6f 2d       	mov	r22, r15
     5e6:	0e 94 1a 05 	call	0xa34	; 0xa34 <__udivmodqi4>
     5ea:	d8 01       	movw	r26, r16
     5ec:	a8 0f       	add	r26, r24
     5ee:	b1 1d       	adc	r27, r1
     5f0:	2c 91       	ld	r18, X
     5f2:	30 e0       	ldi	r19, 0x00	; 0
     5f4:	8d 2d       	mov	r24, r13
     5f6:	0e 94 1a 05 	call	0xa34	; 0xa34 <__udivmodqi4>
     5fa:	02 c0       	rjmp	.+4      	; 0x600 <nokia_lcd_write_char+0x104>
     5fc:	35 95       	asr	r19
     5fe:	27 95       	ror	r18
     600:	8a 95       	dec	r24
     602:	e2 f7       	brpl	.-8      	; 0x5fc <nokia_lcd_write_char+0x100>
     604:	41 e0       	ldi	r20, 0x01	; 1
     606:	20 ff       	sbrs	r18, 0
     608:	40 e0       	ldi	r20, 0x00	; 0
     60a:	6e 2f       	mov	r22, r30
     60c:	85 2f       	mov	r24, r21
     60e:	0e 94 61 02 	call	0x4c2	; 0x4c2 <nokia_lcd_set_pixel>
     612:	d3 94       	inc	r13
     614:	e0 91 7a 03 	lds	r30, 0x037A	; 0x80037a <nokia_lcd+0x1f9>
     618:	50 91 79 03 	lds	r21, 0x0379	; 0x800379 <nokia_lcd+0x1f8>
     61c:	d8 14       	cp	r13, r8
     61e:	19 04       	cpc	r1, r9
     620:	f4 f2       	brlt	.-68     	; 0x5de <nokia_lcd_write_char+0xe2>
     622:	e3 94       	inc	r14
     624:	99 cf       	rjmp	.-206    	; 0x558 <nokia_lcd_write_char+0x5c>
     626:	d1 2c       	mov	r13, r1
     628:	f5 cf       	rjmp	.-22     	; 0x614 <nokia_lcd_write_char+0x118>

0000062a <nokia_lcd_custom>:
     62a:	e8 2f       	mov	r30, r24
     62c:	80 32       	cpi	r24, 0x20	; 32
     62e:	34 f4       	brge	.+12     	; 0x63c <nokia_lcd_custom+0x12>
     630:	ee 0f       	add	r30, r30
     632:	ff 0b       	sbc	r31, r31
     634:	ef 5b       	subi	r30, 0xBF	; 191
     636:	fe 4f       	sbci	r31, 0xFE	; 254
     638:	71 83       	std	Z+1, r23	; 0x01
     63a:	60 83       	st	Z, r22
     63c:	08 95       	ret

0000063e <nokia_lcd_write_string>:
     63e:	1f 93       	push	r17
     640:	cf 93       	push	r28
     642:	df 93       	push	r29
     644:	16 2f       	mov	r17, r22
     646:	ec 01       	movw	r28, r24
     648:	89 91       	ld	r24, Y+
     64a:	81 11       	cpse	r24, r1
     64c:	04 c0       	rjmp	.+8      	; 0x656 <nokia_lcd_write_string+0x18>
     64e:	df 91       	pop	r29
     650:	cf 91       	pop	r28
     652:	1f 91       	pop	r17
     654:	08 95       	ret
     656:	61 2f       	mov	r22, r17
     658:	0e 94 7e 02 	call	0x4fc	; 0x4fc <nokia_lcd_write_char>
     65c:	f5 cf       	rjmp	.-22     	; 0x648 <nokia_lcd_write_string+0xa>

0000065e <nokia_lcd_set_cursor>:
     65e:	80 93 79 03 	sts	0x0379, r24	; 0x800379 <nokia_lcd+0x1f8>
     662:	60 93 7a 03 	sts	0x037A, r22	; 0x80037a <nokia_lcd+0x1f9>
     666:	08 95       	ret

00000668 <nokia_lcd_draw_line>:
     668:	3f 92       	push	r3
     66a:	4f 92       	push	r4
     66c:	5f 92       	push	r5
     66e:	6f 92       	push	r6
     670:	7f 92       	push	r7
     672:	8f 92       	push	r8
     674:	9f 92       	push	r9
     676:	af 92       	push	r10
     678:	bf 92       	push	r11
     67a:	cf 92       	push	r12
     67c:	df 92       	push	r13
     67e:	ef 92       	push	r14
     680:	ff 92       	push	r15
     682:	0f 93       	push	r16
     684:	1f 93       	push	r17
     686:	cf 93       	push	r28
     688:	df 93       	push	r29
     68a:	cd b7       	in	r28, 0x3d	; 61
     68c:	de b7       	in	r29, 0x3e	; 62
     68e:	2d 97       	sbiw	r28, 0x0d	; 13
     690:	0f b6       	in	r0, 0x3f	; 63
     692:	f8 94       	cli
     694:	de bf       	out	0x3e, r29	; 62
     696:	0f be       	out	0x3f, r0	; 63
     698:	cd bf       	out	0x3d, r28	; 61
     69a:	89 87       	std	Y+9, r24	; 0x09
     69c:	6d 87       	std	Y+13, r22	; 0x0d
     69e:	04 2f       	mov	r16, r20
     6a0:	08 1b       	sub	r16, r24
     6a2:	12 2f       	mov	r17, r18
     6a4:	16 1b       	sub	r17, r22
     6a6:	30 2e       	mov	r3, r16
     6a8:	01 17       	cp	r16, r17
     6aa:	08 f4       	brcc	.+2      	; 0x6ae <nokia_lcd_draw_line+0x46>
     6ac:	31 2e       	mov	r3, r17
     6ae:	83 2d       	mov	r24, r3
     6b0:	90 e0       	ldi	r25, 0x00	; 0
     6b2:	b0 e0       	ldi	r27, 0x00	; 0
     6b4:	a0 e0       	ldi	r26, 0x00	; 0
     6b6:	89 83       	std	Y+1, r24	; 0x01
     6b8:	9a 83       	std	Y+2, r25	; 0x02
     6ba:	ab 83       	std	Y+3, r26	; 0x03
     6bc:	bc 83       	std	Y+4, r27	; 0x04
     6be:	bc 01       	movw	r22, r24
     6c0:	cd 01       	movw	r24, r26
     6c2:	0e 94 36 06 	call	0xc6c	; 0xc6c <__floatsisf>
     6c6:	6b 01       	movw	r12, r22
     6c8:	7c 01       	movw	r14, r24
     6ca:	80 2f       	mov	r24, r16
     6cc:	90 e0       	ldi	r25, 0x00	; 0
     6ce:	b0 e0       	ldi	r27, 0x00	; 0
     6d0:	a0 e0       	ldi	r26, 0x00	; 0
     6d2:	89 83       	std	Y+1, r24	; 0x01
     6d4:	9a 83       	std	Y+2, r25	; 0x02
     6d6:	ab 83       	std	Y+3, r26	; 0x03
     6d8:	bc 83       	std	Y+4, r27	; 0x04
     6da:	bc 01       	movw	r22, r24
     6dc:	cd 01       	movw	r24, r26
     6de:	0e 94 34 06 	call	0xc68	; 0xc68 <__floatunsisf>
     6e2:	69 83       	std	Y+1, r22	; 0x01
     6e4:	7a 83       	std	Y+2, r23	; 0x02
     6e6:	8b 83       	std	Y+3, r24	; 0x03
     6e8:	9c 83       	std	Y+4, r25	; 0x04
     6ea:	a7 01       	movw	r20, r14
     6ec:	96 01       	movw	r18, r12
     6ee:	0e 94 93 05 	call	0xb26	; 0xb26 <__divsf3>
     6f2:	2b 01       	movw	r4, r22
     6f4:	3c 01       	movw	r6, r24
     6f6:	81 2f       	mov	r24, r17
     6f8:	90 e0       	ldi	r25, 0x00	; 0
     6fa:	b0 e0       	ldi	r27, 0x00	; 0
     6fc:	a0 e0       	ldi	r26, 0x00	; 0
     6fe:	89 83       	std	Y+1, r24	; 0x01
     700:	9a 83       	std	Y+2, r25	; 0x02
     702:	ab 83       	std	Y+3, r26	; 0x03
     704:	bc 83       	std	Y+4, r27	; 0x04
     706:	bc 01       	movw	r22, r24
     708:	cd 01       	movw	r24, r26
     70a:	0e 94 34 06 	call	0xc68	; 0xc68 <__floatunsisf>
     70e:	69 83       	std	Y+1, r22	; 0x01
     710:	7a 83       	std	Y+2, r23	; 0x02
     712:	8b 83       	std	Y+3, r24	; 0x03
     714:	9c 83       	std	Y+4, r25	; 0x04
     716:	a7 01       	movw	r20, r14
     718:	96 01       	movw	r18, r12
     71a:	0e 94 93 05 	call	0xb26	; 0xb26 <__divsf3>
     71e:	6b 01       	movw	r12, r22
     720:	7c 01       	movw	r14, r24
     722:	99 85       	ldd	r25, Y+9	; 0x09
     724:	89 2f       	mov	r24, r25
     726:	90 e0       	ldi	r25, 0x00	; 0
     728:	b0 e0       	ldi	r27, 0x00	; 0
     72a:	a0 e0       	ldi	r26, 0x00	; 0
     72c:	89 83       	std	Y+1, r24	; 0x01
     72e:	9a 83       	std	Y+2, r25	; 0x02
     730:	ab 83       	std	Y+3, r26	; 0x03
     732:	bc 83       	std	Y+4, r27	; 0x04
     734:	bc 01       	movw	r22, r24
     736:	cd 01       	movw	r24, r26
     738:	0e 94 34 06 	call	0xc68	; 0xc68 <__floatunsisf>
     73c:	69 83       	std	Y+1, r22	; 0x01
     73e:	7a 83       	std	Y+2, r23	; 0x02
     740:	8b 83       	std	Y+3, r24	; 0x03
     742:	9c 83       	std	Y+4, r25	; 0x04
     744:	9d 85       	ldd	r25, Y+13	; 0x0d
     746:	89 2f       	mov	r24, r25
     748:	90 e0       	ldi	r25, 0x00	; 0
     74a:	b0 e0       	ldi	r27, 0x00	; 0
     74c:	a0 e0       	ldi	r26, 0x00	; 0
     74e:	8d 83       	std	Y+5, r24	; 0x05
     750:	9e 83       	std	Y+6, r25	; 0x06
     752:	af 83       	std	Y+7, r26	; 0x07
     754:	b8 87       	std	Y+8, r27	; 0x08
     756:	bc 01       	movw	r22, r24
     758:	cd 01       	movw	r24, r26
     75a:	0e 94 34 06 	call	0xc68	; 0xc68 <__floatunsisf>
     75e:	6d 83       	std	Y+5, r22	; 0x05
     760:	7e 83       	std	Y+6, r23	; 0x06
     762:	8f 83       	std	Y+7, r24	; 0x07
     764:	98 87       	std	Y+8, r25	; 0x08
     766:	41 e0       	ldi	r20, 0x01	; 1
     768:	6d 85       	ldd	r22, Y+13	; 0x0d
     76a:	89 85       	ldd	r24, Y+9	; 0x09
     76c:	0e 94 61 02 	call	0x4c2	; 0x4c2 <nokia_lcd_set_pixel>
     770:	1d 86       	std	Y+13, r1	; 0x0d
     772:	bd 85       	ldd	r27, Y+13	; 0x0d
     774:	b3 11       	cpse	r27, r3
     776:	18 c0       	rjmp	.+48     	; 0x7a8 <nokia_lcd_draw_line+0x140>
     778:	2d 96       	adiw	r28, 0x0d	; 13
     77a:	0f b6       	in	r0, 0x3f	; 63
     77c:	f8 94       	cli
     77e:	de bf       	out	0x3e, r29	; 62
     780:	0f be       	out	0x3f, r0	; 63
     782:	cd bf       	out	0x3d, r28	; 61
     784:	df 91       	pop	r29
     786:	cf 91       	pop	r28
     788:	1f 91       	pop	r17
     78a:	0f 91       	pop	r16
     78c:	ff 90       	pop	r15
     78e:	ef 90       	pop	r14
     790:	df 90       	pop	r13
     792:	cf 90       	pop	r12
     794:	bf 90       	pop	r11
     796:	af 90       	pop	r10
     798:	9f 90       	pop	r9
     79a:	8f 90       	pop	r8
     79c:	7f 90       	pop	r7
     79e:	6f 90       	pop	r6
     7a0:	5f 90       	pop	r5
     7a2:	4f 90       	pop	r4
     7a4:	3f 90       	pop	r3
     7a6:	08 95       	ret
     7a8:	a3 01       	movw	r20, r6
     7aa:	92 01       	movw	r18, r4
     7ac:	69 81       	ldd	r22, Y+1	; 0x01
     7ae:	7a 81       	ldd	r23, Y+2	; 0x02
     7b0:	8b 81       	ldd	r24, Y+3	; 0x03
     7b2:	9c 81       	ldd	r25, Y+4	; 0x04
     7b4:	0e 94 27 05 	call	0xa4e	; 0xa4e <__addsf3>
     7b8:	69 83       	std	Y+1, r22	; 0x01
     7ba:	7a 83       	std	Y+2, r23	; 0x02
     7bc:	8b 83       	std	Y+3, r24	; 0x03
     7be:	9c 83       	std	Y+4, r25	; 0x04
     7c0:	a7 01       	movw	r20, r14
     7c2:	96 01       	movw	r18, r12
     7c4:	6d 81       	ldd	r22, Y+5	; 0x05
     7c6:	7e 81       	ldd	r23, Y+6	; 0x06
     7c8:	8f 81       	ldd	r24, Y+7	; 0x07
     7ca:	98 85       	ldd	r25, Y+8	; 0x08
     7cc:	0e 94 27 05 	call	0xa4e	; 0xa4e <__addsf3>
     7d0:	6d 83       	std	Y+5, r22	; 0x05
     7d2:	7e 83       	std	Y+6, r23	; 0x06
     7d4:	8f 83       	std	Y+7, r24	; 0x07
     7d6:	98 87       	std	Y+8, r25	; 0x08
     7d8:	0e 94 05 06 	call	0xc0a	; 0xc0a <__fixunssfsi>
     7dc:	69 87       	std	Y+9, r22	; 0x09
     7de:	7a 87       	std	Y+10, r23	; 0x0a
     7e0:	8b 87       	std	Y+11, r24	; 0x0b
     7e2:	9c 87       	std	Y+12, r25	; 0x0c
     7e4:	4b 01       	movw	r8, r22
     7e6:	69 81       	ldd	r22, Y+1	; 0x01
     7e8:	7a 81       	ldd	r23, Y+2	; 0x02
     7ea:	8b 81       	ldd	r24, Y+3	; 0x03
     7ec:	9c 81       	ldd	r25, Y+4	; 0x04
     7ee:	0e 94 05 06 	call	0xc0a	; 0xc0a <__fixunssfsi>
     7f2:	69 87       	std	Y+9, r22	; 0x09
     7f4:	7a 87       	std	Y+10, r23	; 0x0a
     7f6:	8b 87       	std	Y+11, r24	; 0x0b
     7f8:	9c 87       	std	Y+12, r25	; 0x0c
     7fa:	41 e0       	ldi	r20, 0x01	; 1
     7fc:	68 2d       	mov	r22, r8
     7fe:	89 85       	ldd	r24, Y+9	; 0x09
     800:	0e 94 61 02 	call	0x4c2	; 0x4c2 <nokia_lcd_set_pixel>
     804:	ad 85       	ldd	r26, Y+13	; 0x0d
     806:	af 5f       	subi	r26, 0xFF	; 255
     808:	ad 87       	std	Y+13, r26	; 0x0d
     80a:	b3 cf       	rjmp	.-154    	; 0x772 <nokia_lcd_draw_line+0x10a>

0000080c <nokia_lcd_draw_circle>:
     80c:	af 92       	push	r10
     80e:	bf 92       	push	r11
     810:	cf 92       	push	r12
     812:	df 92       	push	r13
     814:	ef 92       	push	r14
     816:	ff 92       	push	r15
     818:	0f 93       	push	r16
     81a:	1f 93       	push	r17
     81c:	cf 93       	push	r28
     81e:	df 93       	push	r29
     820:	08 2f       	mov	r16, r24
     822:	f6 2e       	mov	r15, r22
     824:	c4 2f       	mov	r28, r20
     826:	d1 e0       	ldi	r29, 0x01	; 1
     828:	d4 1b       	sub	r29, r20
     82a:	10 e0       	ldi	r17, 0x00	; 0
     82c:	41 e0       	ldi	r20, 0x01	; 1
     82e:	df 2c       	mov	r13, r15
     830:	d1 0e       	add	r13, r17
     832:	6d 2d       	mov	r22, r13
     834:	e0 2e       	mov	r14, r16
     836:	ec 0e       	add	r14, r28
     838:	8e 2d       	mov	r24, r14
     83a:	0e 94 61 02 	call	0x4c2	; 0x4c2 <nokia_lcd_set_pixel>
     83e:	41 e0       	ldi	r20, 0x01	; 1
     840:	bf 2c       	mov	r11, r15
     842:	bc 0e       	add	r11, r28
     844:	6b 2d       	mov	r22, r11
     846:	c0 2e       	mov	r12, r16
     848:	c1 0e       	add	r12, r17
     84a:	8c 2d       	mov	r24, r12
     84c:	0e 94 61 02 	call	0x4c2	; 0x4c2 <nokia_lcd_set_pixel>
     850:	41 e0       	ldi	r20, 0x01	; 1
     852:	6b 2d       	mov	r22, r11
     854:	a0 2e       	mov	r10, r16
     856:	a1 1a       	sub	r10, r17
     858:	8a 2d       	mov	r24, r10
     85a:	0e 94 61 02 	call	0x4c2	; 0x4c2 <nokia_lcd_set_pixel>
     85e:	41 e0       	ldi	r20, 0x01	; 1
     860:	6d 2d       	mov	r22, r13
     862:	b0 2e       	mov	r11, r16
     864:	bc 1a       	sub	r11, r28
     866:	8b 2d       	mov	r24, r11
     868:	0e 94 61 02 	call	0x4c2	; 0x4c2 <nokia_lcd_set_pixel>
     86c:	41 e0       	ldi	r20, 0x01	; 1
     86e:	df 2c       	mov	r13, r15
     870:	d1 1a       	sub	r13, r17
     872:	6d 2d       	mov	r22, r13
     874:	8b 2d       	mov	r24, r11
     876:	0e 94 61 02 	call	0x4c2	; 0x4c2 <nokia_lcd_set_pixel>
     87a:	41 e0       	ldi	r20, 0x01	; 1
     87c:	bf 2c       	mov	r11, r15
     87e:	bc 1a       	sub	r11, r28
     880:	6b 2d       	mov	r22, r11
     882:	8a 2d       	mov	r24, r10
     884:	0e 94 61 02 	call	0x4c2	; 0x4c2 <nokia_lcd_set_pixel>
     888:	41 e0       	ldi	r20, 0x01	; 1
     88a:	6b 2d       	mov	r22, r11
     88c:	8c 2d       	mov	r24, r12
     88e:	0e 94 61 02 	call	0x4c2	; 0x4c2 <nokia_lcd_set_pixel>
     892:	41 e0       	ldi	r20, 0x01	; 1
     894:	6d 2d       	mov	r22, r13
     896:	8e 2d       	mov	r24, r14
     898:	0e 94 61 02 	call	0x4c2	; 0x4c2 <nokia_lcd_set_pixel>
     89c:	d1 11       	cpse	r29, r1
     89e:	12 c0       	rjmp	.+36     	; 0x8c4 <nokia_lcd_draw_circle+0xb8>
     8a0:	1f 5f       	subi	r17, 0xFF	; 255
     8a2:	d1 2f       	mov	r29, r17
     8a4:	dd 0f       	add	r29, r29
     8a6:	df 5f       	subi	r29, 0xFF	; 255
     8a8:	c1 17       	cp	r28, r17
     8aa:	08 f0       	brcs	.+2      	; 0x8ae <nokia_lcd_draw_circle+0xa2>
     8ac:	bf cf       	rjmp	.-130    	; 0x82c <nokia_lcd_draw_circle+0x20>
     8ae:	df 91       	pop	r29
     8b0:	cf 91       	pop	r28
     8b2:	1f 91       	pop	r17
     8b4:	0f 91       	pop	r16
     8b6:	ff 90       	pop	r15
     8b8:	ef 90       	pop	r14
     8ba:	df 90       	pop	r13
     8bc:	cf 90       	pop	r12
     8be:	bf 90       	pop	r11
     8c0:	af 90       	pop	r10
     8c2:	08 95       	ret
     8c4:	c1 50       	subi	r28, 0x01	; 1
     8c6:	df 5f       	subi	r29, 0xFF	; 255
     8c8:	8c 2f       	mov	r24, r28
     8ca:	88 0f       	add	r24, r24
     8cc:	d8 1b       	sub	r29, r24
     8ce:	ec cf       	rjmp	.-40     	; 0x8a8 <nokia_lcd_draw_circle+0x9c>

000008d0 <nokia_lcd_draw_rectangle>:
     8d0:	0f 93       	push	r16
     8d2:	1f 93       	push	r17
     8d4:	cf 93       	push	r28
     8d6:	df 93       	push	r29
     8d8:	08 2f       	mov	r16, r24
     8da:	d6 2f       	mov	r29, r22
     8dc:	c4 2f       	mov	r28, r20
     8de:	12 2f       	mov	r17, r18
     8e0:	26 2f       	mov	r18, r22
     8e2:	0e 94 34 03 	call	0x668	; 0x668 <nokia_lcd_draw_line>
     8e6:	21 2f       	mov	r18, r17
     8e8:	4c 2f       	mov	r20, r28
     8ea:	61 2f       	mov	r22, r17
     8ec:	80 2f       	mov	r24, r16
     8ee:	0e 94 34 03 	call	0x668	; 0x668 <nokia_lcd_draw_line>
     8f2:	21 2f       	mov	r18, r17
     8f4:	40 2f       	mov	r20, r16
     8f6:	6d 2f       	mov	r22, r29
     8f8:	80 2f       	mov	r24, r16
     8fa:	0e 94 34 03 	call	0x668	; 0x668 <nokia_lcd_draw_line>
     8fe:	21 2f       	mov	r18, r17
     900:	4c 2f       	mov	r20, r28
     902:	6d 2f       	mov	r22, r29
     904:	8c 2f       	mov	r24, r28
     906:	df 91       	pop	r29
     908:	cf 91       	pop	r28
     90a:	1f 91       	pop	r17
     90c:	0f 91       	pop	r16
     90e:	0c 94 34 03 	jmp	0x668	; 0x668 <nokia_lcd_draw_line>

00000912 <nokia_lcd_render>:
     912:	cf 93       	push	r28
     914:	df 93       	push	r29
     916:	80 e8       	ldi	r24, 0x80	; 128
     918:	0e 94 ff 01 	call	0x3fe	; 0x3fe <write_cmd>
     91c:	80 e4       	ldi	r24, 0x40	; 64
     91e:	0e 94 ff 01 	call	0x3fe	; 0x3fe <write_cmd>
     922:	c1 e8       	ldi	r28, 0x81	; 129
     924:	d1 e0       	ldi	r29, 0x01	; 1
     926:	61 e0       	ldi	r22, 0x01	; 1
     928:	89 91       	ld	r24, Y+
     92a:	0e 94 e3 01 	call	0x3c6	; 0x3c6 <write>
     92e:	83 e0       	ldi	r24, 0x03	; 3
     930:	c9 37       	cpi	r28, 0x79	; 121
     932:	d8 07       	cpc	r29, r24
     934:	c1 f7       	brne	.-16     	; 0x926 <nokia_lcd_render+0x14>
     936:	df 91       	pop	r29
     938:	cf 91       	pop	r28
     93a:	08 95       	ret

0000093c <main>:
     93c:	cd b7       	in	r28, 0x3d	; 61
     93e:	de b7       	in	r29, 0x3e	; 62
     940:	61 97       	sbiw	r28, 0x11	; 17
     942:	0f b6       	in	r0, 0x3f	; 63
     944:	f8 94       	cli
     946:	de bf       	out	0x3e, r29	; 62
     948:	0f be       	out	0x3f, r0	; 63
     94a:	cd bf       	out	0x3d, r28	; 61
     94c:	f8 94       	cli
     94e:	87 b1       	in	r24, 0x07	; 7
     950:	88 63       	ori	r24, 0x38	; 56
     952:	87 b9       	out	0x07, r24	; 7
     954:	8a b1       	in	r24, 0x0a	; 10
     956:	80 7e       	andi	r24, 0xE0	; 224
     958:	8a b9       	out	0x0a, r24	; 10
     95a:	8b b1       	in	r24, 0x0b	; 11
     95c:	8f 61       	ori	r24, 0x1F	; 31
     95e:	8b b9       	out	0x0b, r24	; 11
     960:	0e 94 02 02 	call	0x404	; 0x404 <nokia_lcd_init>
     964:	0e 94 45 02 	call	0x48a	; 0x48a <nokia_lcd_clear>
     968:	0e 94 cb 01 	call	0x396	; 0x396 <timer1_init>
     96c:	10 e0       	ldi	r17, 0x00	; 0
     96e:	00 e0       	ldi	r16, 0x00	; 0
     970:	48 99       	sbic	0x09, 0	; 9
     972:	1d c0       	rjmp	.+58     	; 0x9ae <main+0x72>
     974:	78 94       	sei
     976:	c8 01       	movw	r24, r16
     978:	0e 94 2f 07 	call	0xe5e	; 0xe5e <srand>
     97c:	86 e0       	ldi	r24, 0x06	; 6
     97e:	c8 2e       	mov	r12, r24
     980:	d1 2c       	mov	r13, r1
     982:	07 e1       	ldi	r16, 0x17	; 23
     984:	11 e0       	ldi	r17, 0x01	; 1
     986:	9e 01       	movw	r18, r28
     988:	2f 5f       	subi	r18, 0xFF	; 255
     98a:	3f 4f       	sbci	r19, 0xFF	; 255
     98c:	79 01       	movw	r14, r18
     98e:	80 91 40 01 	lds	r24, 0x0140	; 0x800140 <game_over>
     992:	88 23       	and	r24, r24
     994:	19 f1       	breq	.+70     	; 0x9dc <main+0xa0>
     996:	80 e0       	ldi	r24, 0x00	; 0
     998:	0e 94 5a 02 	call	0x4b4	; 0x4b4 <nokia_lcd_power>
     99c:	90 e0       	ldi	r25, 0x00	; 0
     99e:	80 e0       	ldi	r24, 0x00	; 0
     9a0:	61 96       	adiw	r28, 0x11	; 17
     9a2:	0f b6       	in	r0, 0x3f	; 63
     9a4:	f8 94       	cli
     9a6:	de bf       	out	0x3e, r29	; 62
     9a8:	0f be       	out	0x3f, r0	; 63
     9aa:	cd bf       	out	0x3d, r28	; 61
     9ac:	08 95       	ret
     9ae:	6f e0       	ldi	r22, 0x0F	; 15
     9b0:	87 e0       	ldi	r24, 0x07	; 7
     9b2:	0e 94 2f 03 	call	0x65e	; 0x65e <nokia_lcd_set_cursor>
     9b6:	61 e0       	ldi	r22, 0x01	; 1
     9b8:	8a e1       	ldi	r24, 0x1A	; 26
     9ba:	91 e0       	ldi	r25, 0x01	; 1
     9bc:	0e 94 1f 03 	call	0x63e	; 0x63e <nokia_lcd_write_string>
     9c0:	69 e1       	ldi	r22, 0x19	; 25
     9c2:	86 e0       	ldi	r24, 0x06	; 6
     9c4:	0e 94 2f 03 	call	0x65e	; 0x65e <nokia_lcd_set_cursor>
     9c8:	61 e0       	ldi	r22, 0x01	; 1
     9ca:	87 e2       	ldi	r24, 0x27	; 39
     9cc:	91 e0       	ldi	r25, 0x01	; 1
     9ce:	0e 94 1f 03 	call	0x63e	; 0x63e <nokia_lcd_write_string>
     9d2:	0e 94 89 04 	call	0x912	; 0x912 <nokia_lcd_render>
     9d6:	0f 5f       	subi	r16, 0xFF	; 255
     9d8:	1f 4f       	sbci	r17, 0xFF	; 255
     9da:	ca cf       	rjmp	.-108    	; 0x970 <main+0x34>
     9dc:	0e 94 45 02 	call	0x48a	; 0x48a <nokia_lcd_clear>
     9e0:	68 e2       	ldi	r22, 0x28	; 40
     9e2:	80 e0       	ldi	r24, 0x00	; 0
     9e4:	0e 94 2f 03 	call	0x65e	; 0x65e <nokia_lcd_set_cursor>
     9e8:	61 e0       	ldi	r22, 0x01	; 1
     9ea:	84 e3       	ldi	r24, 0x34	; 52
     9ec:	91 e0       	ldi	r25, 0x01	; 1
     9ee:	0e 94 1f 03 	call	0x63e	; 0x63e <nokia_lcd_write_string>
     9f2:	80 91 3e 01 	lds	r24, 0x013E	; 0x80013e <interruption_count>
     9f6:	90 91 3f 01 	lds	r25, 0x013F	; 0x80013f <interruption_count+0x1>
     9fa:	96 01       	movw	r18, r12
     9fc:	28 1b       	sub	r18, r24
     9fe:	39 0b       	sbc	r19, r25
     a00:	c9 01       	movw	r24, r18
     a02:	9f 93       	push	r25
     a04:	2f 93       	push	r18
     a06:	1f 93       	push	r17
     a08:	0f 93       	push	r16
     a0a:	ff 92       	push	r15
     a0c:	ef 92       	push	r14
     a0e:	0e 94 43 07 	call	0xe86	; 0xe86 <sprintf>
     a12:	68 e2       	ldi	r22, 0x28	; 40
     a14:	83 e2       	ldi	r24, 0x23	; 35
     a16:	0e 94 2f 03 	call	0x65e	; 0x65e <nokia_lcd_set_cursor>
     a1a:	61 e0       	ldi	r22, 0x01	; 1
     a1c:	c7 01       	movw	r24, r14
     a1e:	0e 94 1f 03 	call	0x63e	; 0x63e <nokia_lcd_write_string>
     a22:	0e 94 89 04 	call	0x912	; 0x912 <nokia_lcd_render>
     a26:	0f 90       	pop	r0
     a28:	0f 90       	pop	r0
     a2a:	0f 90       	pop	r0
     a2c:	0f 90       	pop	r0
     a2e:	0f 90       	pop	r0
     a30:	0f 90       	pop	r0
     a32:	ad cf       	rjmp	.-166    	; 0x98e <main+0x52>

00000a34 <__udivmodqi4>:
     a34:	99 1b       	sub	r25, r25
     a36:	79 e0       	ldi	r23, 0x09	; 9
     a38:	04 c0       	rjmp	.+8      	; 0xa42 <__udivmodqi4_ep>

00000a3a <__udivmodqi4_loop>:
     a3a:	99 1f       	adc	r25, r25
     a3c:	96 17       	cp	r25, r22
     a3e:	08 f0       	brcs	.+2      	; 0xa42 <__udivmodqi4_ep>
     a40:	96 1b       	sub	r25, r22

00000a42 <__udivmodqi4_ep>:
     a42:	88 1f       	adc	r24, r24
     a44:	7a 95       	dec	r23
     a46:	c9 f7       	brne	.-14     	; 0xa3a <__udivmodqi4_loop>
     a48:	80 95       	com	r24
     a4a:	08 95       	ret

00000a4c <__subsf3>:
     a4c:	50 58       	subi	r21, 0x80	; 128

00000a4e <__addsf3>:
     a4e:	bb 27       	eor	r27, r27
     a50:	aa 27       	eor	r26, r26
     a52:	0e 94 3e 05 	call	0xa7c	; 0xa7c <__addsf3x>
     a56:	0c 94 88 06 	jmp	0xd10	; 0xd10 <__fp_round>
     a5a:	0e 94 7a 06 	call	0xcf4	; 0xcf4 <__fp_pscA>
     a5e:	38 f0       	brcs	.+14     	; 0xa6e <__addsf3+0x20>
     a60:	0e 94 81 06 	call	0xd02	; 0xd02 <__fp_pscB>
     a64:	20 f0       	brcs	.+8      	; 0xa6e <__addsf3+0x20>
     a66:	39 f4       	brne	.+14     	; 0xa76 <__addsf3+0x28>
     a68:	9f 3f       	cpi	r25, 0xFF	; 255
     a6a:	19 f4       	brne	.+6      	; 0xa72 <__addsf3+0x24>
     a6c:	26 f4       	brtc	.+8      	; 0xa76 <__addsf3+0x28>
     a6e:	0c 94 77 06 	jmp	0xcee	; 0xcee <__fp_nan>
     a72:	0e f4       	brtc	.+2      	; 0xa76 <__addsf3+0x28>
     a74:	e0 95       	com	r30
     a76:	e7 fb       	bst	r30, 7
     a78:	0c 94 71 06 	jmp	0xce2	; 0xce2 <__fp_inf>

00000a7c <__addsf3x>:
     a7c:	e9 2f       	mov	r30, r25
     a7e:	0e 94 99 06 	call	0xd32	; 0xd32 <__fp_split3>
     a82:	58 f3       	brcs	.-42     	; 0xa5a <__addsf3+0xc>
     a84:	ba 17       	cp	r27, r26
     a86:	62 07       	cpc	r22, r18
     a88:	73 07       	cpc	r23, r19
     a8a:	84 07       	cpc	r24, r20
     a8c:	95 07       	cpc	r25, r21
     a8e:	20 f0       	brcs	.+8      	; 0xa98 <__addsf3x+0x1c>
     a90:	79 f4       	brne	.+30     	; 0xab0 <__addsf3x+0x34>
     a92:	a6 f5       	brtc	.+104    	; 0xafc <__addsf3x+0x80>
     a94:	0c 94 bb 06 	jmp	0xd76	; 0xd76 <__fp_zero>
     a98:	0e f4       	brtc	.+2      	; 0xa9c <__addsf3x+0x20>
     a9a:	e0 95       	com	r30
     a9c:	0b 2e       	mov	r0, r27
     a9e:	ba 2f       	mov	r27, r26
     aa0:	a0 2d       	mov	r26, r0
     aa2:	0b 01       	movw	r0, r22
     aa4:	b9 01       	movw	r22, r18
     aa6:	90 01       	movw	r18, r0
     aa8:	0c 01       	movw	r0, r24
     aaa:	ca 01       	movw	r24, r20
     aac:	a0 01       	movw	r20, r0
     aae:	11 24       	eor	r1, r1
     ab0:	ff 27       	eor	r31, r31
     ab2:	59 1b       	sub	r21, r25
     ab4:	99 f0       	breq	.+38     	; 0xadc <__addsf3x+0x60>
     ab6:	59 3f       	cpi	r21, 0xF9	; 249
     ab8:	50 f4       	brcc	.+20     	; 0xace <__addsf3x+0x52>
     aba:	50 3e       	cpi	r21, 0xE0	; 224
     abc:	68 f1       	brcs	.+90     	; 0xb18 <__addsf3x+0x9c>
     abe:	1a 16       	cp	r1, r26
     ac0:	f0 40       	sbci	r31, 0x00	; 0
     ac2:	a2 2f       	mov	r26, r18
     ac4:	23 2f       	mov	r18, r19
     ac6:	34 2f       	mov	r19, r20
     ac8:	44 27       	eor	r20, r20
     aca:	58 5f       	subi	r21, 0xF8	; 248
     acc:	f3 cf       	rjmp	.-26     	; 0xab4 <__addsf3x+0x38>
     ace:	46 95       	lsr	r20
     ad0:	37 95       	ror	r19
     ad2:	27 95       	ror	r18
     ad4:	a7 95       	ror	r26
     ad6:	f0 40       	sbci	r31, 0x00	; 0
     ad8:	53 95       	inc	r21
     ada:	c9 f7       	brne	.-14     	; 0xace <__addsf3x+0x52>
     adc:	7e f4       	brtc	.+30     	; 0xafc <__addsf3x+0x80>
     ade:	1f 16       	cp	r1, r31
     ae0:	ba 0b       	sbc	r27, r26
     ae2:	62 0b       	sbc	r22, r18
     ae4:	73 0b       	sbc	r23, r19
     ae6:	84 0b       	sbc	r24, r20
     ae8:	ba f0       	brmi	.+46     	; 0xb18 <__addsf3x+0x9c>
     aea:	91 50       	subi	r25, 0x01	; 1
     aec:	a1 f0       	breq	.+40     	; 0xb16 <__addsf3x+0x9a>
     aee:	ff 0f       	add	r31, r31
     af0:	bb 1f       	adc	r27, r27
     af2:	66 1f       	adc	r22, r22
     af4:	77 1f       	adc	r23, r23
     af6:	88 1f       	adc	r24, r24
     af8:	c2 f7       	brpl	.-16     	; 0xaea <__addsf3x+0x6e>
     afa:	0e c0       	rjmp	.+28     	; 0xb18 <__addsf3x+0x9c>
     afc:	ba 0f       	add	r27, r26
     afe:	62 1f       	adc	r22, r18
     b00:	73 1f       	adc	r23, r19
     b02:	84 1f       	adc	r24, r20
     b04:	48 f4       	brcc	.+18     	; 0xb18 <__addsf3x+0x9c>
     b06:	87 95       	ror	r24
     b08:	77 95       	ror	r23
     b0a:	67 95       	ror	r22
     b0c:	b7 95       	ror	r27
     b0e:	f7 95       	ror	r31
     b10:	9e 3f       	cpi	r25, 0xFE	; 254
     b12:	08 f0       	brcs	.+2      	; 0xb16 <__addsf3x+0x9a>
     b14:	b0 cf       	rjmp	.-160    	; 0xa76 <__addsf3+0x28>
     b16:	93 95       	inc	r25
     b18:	88 0f       	add	r24, r24
     b1a:	08 f0       	brcs	.+2      	; 0xb1e <__addsf3x+0xa2>
     b1c:	99 27       	eor	r25, r25
     b1e:	ee 0f       	add	r30, r30
     b20:	97 95       	ror	r25
     b22:	87 95       	ror	r24
     b24:	08 95       	ret

00000b26 <__divsf3>:
     b26:	0e 94 a7 05 	call	0xb4e	; 0xb4e <__divsf3x>
     b2a:	0c 94 88 06 	jmp	0xd10	; 0xd10 <__fp_round>
     b2e:	0e 94 81 06 	call	0xd02	; 0xd02 <__fp_pscB>
     b32:	58 f0       	brcs	.+22     	; 0xb4a <__divsf3+0x24>
     b34:	0e 94 7a 06 	call	0xcf4	; 0xcf4 <__fp_pscA>
     b38:	40 f0       	brcs	.+16     	; 0xb4a <__divsf3+0x24>
     b3a:	29 f4       	brne	.+10     	; 0xb46 <__divsf3+0x20>
     b3c:	5f 3f       	cpi	r21, 0xFF	; 255
     b3e:	29 f0       	breq	.+10     	; 0xb4a <__divsf3+0x24>
     b40:	0c 94 71 06 	jmp	0xce2	; 0xce2 <__fp_inf>
     b44:	51 11       	cpse	r21, r1
     b46:	0c 94 bc 06 	jmp	0xd78	; 0xd78 <__fp_szero>
     b4a:	0c 94 77 06 	jmp	0xcee	; 0xcee <__fp_nan>

00000b4e <__divsf3x>:
     b4e:	0e 94 99 06 	call	0xd32	; 0xd32 <__fp_split3>
     b52:	68 f3       	brcs	.-38     	; 0xb2e <__divsf3+0x8>

00000b54 <__divsf3_pse>:
     b54:	99 23       	and	r25, r25
     b56:	b1 f3       	breq	.-20     	; 0xb44 <__divsf3+0x1e>
     b58:	55 23       	and	r21, r21
     b5a:	91 f3       	breq	.-28     	; 0xb40 <__divsf3+0x1a>
     b5c:	95 1b       	sub	r25, r21
     b5e:	55 0b       	sbc	r21, r21
     b60:	bb 27       	eor	r27, r27
     b62:	aa 27       	eor	r26, r26
     b64:	62 17       	cp	r22, r18
     b66:	73 07       	cpc	r23, r19
     b68:	84 07       	cpc	r24, r20
     b6a:	38 f0       	brcs	.+14     	; 0xb7a <__divsf3_pse+0x26>
     b6c:	9f 5f       	subi	r25, 0xFF	; 255
     b6e:	5f 4f       	sbci	r21, 0xFF	; 255
     b70:	22 0f       	add	r18, r18
     b72:	33 1f       	adc	r19, r19
     b74:	44 1f       	adc	r20, r20
     b76:	aa 1f       	adc	r26, r26
     b78:	a9 f3       	breq	.-22     	; 0xb64 <__divsf3_pse+0x10>
     b7a:	35 d0       	rcall	.+106    	; 0xbe6 <__divsf3_pse+0x92>
     b7c:	0e 2e       	mov	r0, r30
     b7e:	3a f0       	brmi	.+14     	; 0xb8e <__divsf3_pse+0x3a>
     b80:	e0 e8       	ldi	r30, 0x80	; 128
     b82:	32 d0       	rcall	.+100    	; 0xbe8 <__divsf3_pse+0x94>
     b84:	91 50       	subi	r25, 0x01	; 1
     b86:	50 40       	sbci	r21, 0x00	; 0
     b88:	e6 95       	lsr	r30
     b8a:	00 1c       	adc	r0, r0
     b8c:	ca f7       	brpl	.-14     	; 0xb80 <__divsf3_pse+0x2c>
     b8e:	2b d0       	rcall	.+86     	; 0xbe6 <__divsf3_pse+0x92>
     b90:	fe 2f       	mov	r31, r30
     b92:	29 d0       	rcall	.+82     	; 0xbe6 <__divsf3_pse+0x92>
     b94:	66 0f       	add	r22, r22
     b96:	77 1f       	adc	r23, r23
     b98:	88 1f       	adc	r24, r24
     b9a:	bb 1f       	adc	r27, r27
     b9c:	26 17       	cp	r18, r22
     b9e:	37 07       	cpc	r19, r23
     ba0:	48 07       	cpc	r20, r24
     ba2:	ab 07       	cpc	r26, r27
     ba4:	b0 e8       	ldi	r27, 0x80	; 128
     ba6:	09 f0       	breq	.+2      	; 0xbaa <__divsf3_pse+0x56>
     ba8:	bb 0b       	sbc	r27, r27
     baa:	80 2d       	mov	r24, r0
     bac:	bf 01       	movw	r22, r30
     bae:	ff 27       	eor	r31, r31
     bb0:	93 58       	subi	r25, 0x83	; 131
     bb2:	5f 4f       	sbci	r21, 0xFF	; 255
     bb4:	3a f0       	brmi	.+14     	; 0xbc4 <__divsf3_pse+0x70>
     bb6:	9e 3f       	cpi	r25, 0xFE	; 254
     bb8:	51 05       	cpc	r21, r1
     bba:	78 f0       	brcs	.+30     	; 0xbda <__divsf3_pse+0x86>
     bbc:	0c 94 71 06 	jmp	0xce2	; 0xce2 <__fp_inf>
     bc0:	0c 94 bc 06 	jmp	0xd78	; 0xd78 <__fp_szero>
     bc4:	5f 3f       	cpi	r21, 0xFF	; 255
     bc6:	e4 f3       	brlt	.-8      	; 0xbc0 <__divsf3_pse+0x6c>
     bc8:	98 3e       	cpi	r25, 0xE8	; 232
     bca:	d4 f3       	brlt	.-12     	; 0xbc0 <__divsf3_pse+0x6c>
     bcc:	86 95       	lsr	r24
     bce:	77 95       	ror	r23
     bd0:	67 95       	ror	r22
     bd2:	b7 95       	ror	r27
     bd4:	f7 95       	ror	r31
     bd6:	9f 5f       	subi	r25, 0xFF	; 255
     bd8:	c9 f7       	brne	.-14     	; 0xbcc <__divsf3_pse+0x78>
     bda:	88 0f       	add	r24, r24
     bdc:	91 1d       	adc	r25, r1
     bde:	96 95       	lsr	r25
     be0:	87 95       	ror	r24
     be2:	97 f9       	bld	r25, 7
     be4:	08 95       	ret
     be6:	e1 e0       	ldi	r30, 0x01	; 1
     be8:	66 0f       	add	r22, r22
     bea:	77 1f       	adc	r23, r23
     bec:	88 1f       	adc	r24, r24
     bee:	bb 1f       	adc	r27, r27
     bf0:	62 17       	cp	r22, r18
     bf2:	73 07       	cpc	r23, r19
     bf4:	84 07       	cpc	r24, r20
     bf6:	ba 07       	cpc	r27, r26
     bf8:	20 f0       	brcs	.+8      	; 0xc02 <__divsf3_pse+0xae>
     bfa:	62 1b       	sub	r22, r18
     bfc:	73 0b       	sbc	r23, r19
     bfe:	84 0b       	sbc	r24, r20
     c00:	ba 0b       	sbc	r27, r26
     c02:	ee 1f       	adc	r30, r30
     c04:	88 f7       	brcc	.-30     	; 0xbe8 <__divsf3_pse+0x94>
     c06:	e0 95       	com	r30
     c08:	08 95       	ret

00000c0a <__fixunssfsi>:
     c0a:	0e 94 a1 06 	call	0xd42	; 0xd42 <__fp_splitA>
     c0e:	88 f0       	brcs	.+34     	; 0xc32 <__fixunssfsi+0x28>
     c10:	9f 57       	subi	r25, 0x7F	; 127
     c12:	98 f0       	brcs	.+38     	; 0xc3a <__fixunssfsi+0x30>
     c14:	b9 2f       	mov	r27, r25
     c16:	99 27       	eor	r25, r25
     c18:	b7 51       	subi	r27, 0x17	; 23
     c1a:	b0 f0       	brcs	.+44     	; 0xc48 <__fixunssfsi+0x3e>
     c1c:	e1 f0       	breq	.+56     	; 0xc56 <__fixunssfsi+0x4c>
     c1e:	66 0f       	add	r22, r22
     c20:	77 1f       	adc	r23, r23
     c22:	88 1f       	adc	r24, r24
     c24:	99 1f       	adc	r25, r25
     c26:	1a f0       	brmi	.+6      	; 0xc2e <__fixunssfsi+0x24>
     c28:	ba 95       	dec	r27
     c2a:	c9 f7       	brne	.-14     	; 0xc1e <__fixunssfsi+0x14>
     c2c:	14 c0       	rjmp	.+40     	; 0xc56 <__fixunssfsi+0x4c>
     c2e:	b1 30       	cpi	r27, 0x01	; 1
     c30:	91 f0       	breq	.+36     	; 0xc56 <__fixunssfsi+0x4c>
     c32:	0e 94 bb 06 	call	0xd76	; 0xd76 <__fp_zero>
     c36:	b1 e0       	ldi	r27, 0x01	; 1
     c38:	08 95       	ret
     c3a:	0c 94 bb 06 	jmp	0xd76	; 0xd76 <__fp_zero>
     c3e:	67 2f       	mov	r22, r23
     c40:	78 2f       	mov	r23, r24
     c42:	88 27       	eor	r24, r24
     c44:	b8 5f       	subi	r27, 0xF8	; 248
     c46:	39 f0       	breq	.+14     	; 0xc56 <__fixunssfsi+0x4c>
     c48:	b9 3f       	cpi	r27, 0xF9	; 249
     c4a:	cc f3       	brlt	.-14     	; 0xc3e <__fixunssfsi+0x34>
     c4c:	86 95       	lsr	r24
     c4e:	77 95       	ror	r23
     c50:	67 95       	ror	r22
     c52:	b3 95       	inc	r27
     c54:	d9 f7       	brne	.-10     	; 0xc4c <__fixunssfsi+0x42>
     c56:	3e f4       	brtc	.+14     	; 0xc66 <__fixunssfsi+0x5c>
     c58:	90 95       	com	r25
     c5a:	80 95       	com	r24
     c5c:	70 95       	com	r23
     c5e:	61 95       	neg	r22
     c60:	7f 4f       	sbci	r23, 0xFF	; 255
     c62:	8f 4f       	sbci	r24, 0xFF	; 255
     c64:	9f 4f       	sbci	r25, 0xFF	; 255
     c66:	08 95       	ret

00000c68 <__floatunsisf>:
     c68:	e8 94       	clt
     c6a:	09 c0       	rjmp	.+18     	; 0xc7e <__floatsisf+0x12>

00000c6c <__floatsisf>:
     c6c:	97 fb       	bst	r25, 7
     c6e:	3e f4       	brtc	.+14     	; 0xc7e <__floatsisf+0x12>
     c70:	90 95       	com	r25
     c72:	80 95       	com	r24
     c74:	70 95       	com	r23
     c76:	61 95       	neg	r22
     c78:	7f 4f       	sbci	r23, 0xFF	; 255
     c7a:	8f 4f       	sbci	r24, 0xFF	; 255
     c7c:	9f 4f       	sbci	r25, 0xFF	; 255
     c7e:	99 23       	and	r25, r25
     c80:	a9 f0       	breq	.+42     	; 0xcac <__floatsisf+0x40>
     c82:	f9 2f       	mov	r31, r25
     c84:	96 e9       	ldi	r25, 0x96	; 150
     c86:	bb 27       	eor	r27, r27
     c88:	93 95       	inc	r25
     c8a:	f6 95       	lsr	r31
     c8c:	87 95       	ror	r24
     c8e:	77 95       	ror	r23
     c90:	67 95       	ror	r22
     c92:	b7 95       	ror	r27
     c94:	f1 11       	cpse	r31, r1
     c96:	f8 cf       	rjmp	.-16     	; 0xc88 <__floatsisf+0x1c>
     c98:	fa f4       	brpl	.+62     	; 0xcd8 <__floatsisf+0x6c>
     c9a:	bb 0f       	add	r27, r27
     c9c:	11 f4       	brne	.+4      	; 0xca2 <__floatsisf+0x36>
     c9e:	60 ff       	sbrs	r22, 0
     ca0:	1b c0       	rjmp	.+54     	; 0xcd8 <__floatsisf+0x6c>
     ca2:	6f 5f       	subi	r22, 0xFF	; 255
     ca4:	7f 4f       	sbci	r23, 0xFF	; 255
     ca6:	8f 4f       	sbci	r24, 0xFF	; 255
     ca8:	9f 4f       	sbci	r25, 0xFF	; 255
     caa:	16 c0       	rjmp	.+44     	; 0xcd8 <__floatsisf+0x6c>
     cac:	88 23       	and	r24, r24
     cae:	11 f0       	breq	.+4      	; 0xcb4 <__floatsisf+0x48>
     cb0:	96 e9       	ldi	r25, 0x96	; 150
     cb2:	11 c0       	rjmp	.+34     	; 0xcd6 <__floatsisf+0x6a>
     cb4:	77 23       	and	r23, r23
     cb6:	21 f0       	breq	.+8      	; 0xcc0 <__floatsisf+0x54>
     cb8:	9e e8       	ldi	r25, 0x8E	; 142
     cba:	87 2f       	mov	r24, r23
     cbc:	76 2f       	mov	r23, r22
     cbe:	05 c0       	rjmp	.+10     	; 0xcca <__floatsisf+0x5e>
     cc0:	66 23       	and	r22, r22
     cc2:	71 f0       	breq	.+28     	; 0xce0 <__floatsisf+0x74>
     cc4:	96 e8       	ldi	r25, 0x86	; 134
     cc6:	86 2f       	mov	r24, r22
     cc8:	70 e0       	ldi	r23, 0x00	; 0
     cca:	60 e0       	ldi	r22, 0x00	; 0
     ccc:	2a f0       	brmi	.+10     	; 0xcd8 <__floatsisf+0x6c>
     cce:	9a 95       	dec	r25
     cd0:	66 0f       	add	r22, r22
     cd2:	77 1f       	adc	r23, r23
     cd4:	88 1f       	adc	r24, r24
     cd6:	da f7       	brpl	.-10     	; 0xcce <__floatsisf+0x62>
     cd8:	88 0f       	add	r24, r24
     cda:	96 95       	lsr	r25
     cdc:	87 95       	ror	r24
     cde:	97 f9       	bld	r25, 7
     ce0:	08 95       	ret

00000ce2 <__fp_inf>:
     ce2:	97 f9       	bld	r25, 7
     ce4:	9f 67       	ori	r25, 0x7F	; 127
     ce6:	80 e8       	ldi	r24, 0x80	; 128
     ce8:	70 e0       	ldi	r23, 0x00	; 0
     cea:	60 e0       	ldi	r22, 0x00	; 0
     cec:	08 95       	ret

00000cee <__fp_nan>:
     cee:	9f ef       	ldi	r25, 0xFF	; 255
     cf0:	80 ec       	ldi	r24, 0xC0	; 192
     cf2:	08 95       	ret

00000cf4 <__fp_pscA>:
     cf4:	00 24       	eor	r0, r0
     cf6:	0a 94       	dec	r0
     cf8:	16 16       	cp	r1, r22
     cfa:	17 06       	cpc	r1, r23
     cfc:	18 06       	cpc	r1, r24
     cfe:	09 06       	cpc	r0, r25
     d00:	08 95       	ret

00000d02 <__fp_pscB>:
     d02:	00 24       	eor	r0, r0
     d04:	0a 94       	dec	r0
     d06:	12 16       	cp	r1, r18
     d08:	13 06       	cpc	r1, r19
     d0a:	14 06       	cpc	r1, r20
     d0c:	05 06       	cpc	r0, r21
     d0e:	08 95       	ret

00000d10 <__fp_round>:
     d10:	09 2e       	mov	r0, r25
     d12:	03 94       	inc	r0
     d14:	00 0c       	add	r0, r0
     d16:	11 f4       	brne	.+4      	; 0xd1c <__fp_round+0xc>
     d18:	88 23       	and	r24, r24
     d1a:	52 f0       	brmi	.+20     	; 0xd30 <__fp_round+0x20>
     d1c:	bb 0f       	add	r27, r27
     d1e:	40 f4       	brcc	.+16     	; 0xd30 <__fp_round+0x20>
     d20:	bf 2b       	or	r27, r31
     d22:	11 f4       	brne	.+4      	; 0xd28 <__fp_round+0x18>
     d24:	60 ff       	sbrs	r22, 0
     d26:	04 c0       	rjmp	.+8      	; 0xd30 <__fp_round+0x20>
     d28:	6f 5f       	subi	r22, 0xFF	; 255
     d2a:	7f 4f       	sbci	r23, 0xFF	; 255
     d2c:	8f 4f       	sbci	r24, 0xFF	; 255
     d2e:	9f 4f       	sbci	r25, 0xFF	; 255
     d30:	08 95       	ret

00000d32 <__fp_split3>:
     d32:	57 fd       	sbrc	r21, 7
     d34:	90 58       	subi	r25, 0x80	; 128
     d36:	44 0f       	add	r20, r20
     d38:	55 1f       	adc	r21, r21
     d3a:	59 f0       	breq	.+22     	; 0xd52 <__fp_splitA+0x10>
     d3c:	5f 3f       	cpi	r21, 0xFF	; 255
     d3e:	71 f0       	breq	.+28     	; 0xd5c <__fp_splitA+0x1a>
     d40:	47 95       	ror	r20

00000d42 <__fp_splitA>:
     d42:	88 0f       	add	r24, r24
     d44:	97 fb       	bst	r25, 7
     d46:	99 1f       	adc	r25, r25
     d48:	61 f0       	breq	.+24     	; 0xd62 <__fp_splitA+0x20>
     d4a:	9f 3f       	cpi	r25, 0xFF	; 255
     d4c:	79 f0       	breq	.+30     	; 0xd6c <__fp_splitA+0x2a>
     d4e:	87 95       	ror	r24
     d50:	08 95       	ret
     d52:	12 16       	cp	r1, r18
     d54:	13 06       	cpc	r1, r19
     d56:	14 06       	cpc	r1, r20
     d58:	55 1f       	adc	r21, r21
     d5a:	f2 cf       	rjmp	.-28     	; 0xd40 <__fp_split3+0xe>
     d5c:	46 95       	lsr	r20
     d5e:	f1 df       	rcall	.-30     	; 0xd42 <__fp_splitA>
     d60:	08 c0       	rjmp	.+16     	; 0xd72 <__fp_splitA+0x30>
     d62:	16 16       	cp	r1, r22
     d64:	17 06       	cpc	r1, r23
     d66:	18 06       	cpc	r1, r24
     d68:	99 1f       	adc	r25, r25
     d6a:	f1 cf       	rjmp	.-30     	; 0xd4e <__fp_splitA+0xc>
     d6c:	86 95       	lsr	r24
     d6e:	71 05       	cpc	r23, r1
     d70:	61 05       	cpc	r22, r1
     d72:	08 94       	sec
     d74:	08 95       	ret

00000d76 <__fp_zero>:
     d76:	e8 94       	clt

00000d78 <__fp_szero>:
     d78:	bb 27       	eor	r27, r27
     d7a:	66 27       	eor	r22, r22
     d7c:	77 27       	eor	r23, r23
     d7e:	cb 01       	movw	r24, r22
     d80:	97 f9       	bld	r25, 7
     d82:	08 95       	ret

00000d84 <do_rand>:
     d84:	cf 92       	push	r12
     d86:	df 92       	push	r13
     d88:	ef 92       	push	r14
     d8a:	ff 92       	push	r15
     d8c:	cf 93       	push	r28
     d8e:	df 93       	push	r29
     d90:	cd b7       	in	r28, 0x3d	; 61
     d92:	de b7       	in	r29, 0x3e	; 62
     d94:	2a 97       	sbiw	r28, 0x0a	; 10
     d96:	0f b6       	in	r0, 0x3f	; 63
     d98:	f8 94       	cli
     d9a:	de bf       	out	0x3e, r29	; 62
     d9c:	0f be       	out	0x3f, r0	; 63
     d9e:	cd bf       	out	0x3d, r28	; 61
     da0:	89 87       	std	Y+9, r24	; 0x09
     da2:	9a 87       	std	Y+10, r25	; 0x0a
     da4:	a9 85       	ldd	r26, Y+9	; 0x09
     da6:	ba 85       	ldd	r27, Y+10	; 0x0a
     da8:	2d 91       	ld	r18, X+
     daa:	3d 91       	ld	r19, X+
     dac:	4d 91       	ld	r20, X+
     dae:	5c 91       	ld	r21, X
     db0:	29 83       	std	Y+1, r18	; 0x01
     db2:	3a 83       	std	Y+2, r19	; 0x02
     db4:	4b 83       	std	Y+3, r20	; 0x03
     db6:	5c 83       	std	Y+4, r21	; 0x04
     db8:	23 2b       	or	r18, r19
     dba:	24 2b       	or	r18, r20
     dbc:	25 2b       	or	r18, r21
     dbe:	41 f4       	brne	.+16     	; 0xdd0 <do_rand+0x4c>
     dc0:	24 e2       	ldi	r18, 0x24	; 36
     dc2:	39 ed       	ldi	r19, 0xD9	; 217
     dc4:	4b e5       	ldi	r20, 0x5B	; 91
     dc6:	57 e0       	ldi	r21, 0x07	; 7
     dc8:	29 83       	std	Y+1, r18	; 0x01
     dca:	3a 83       	std	Y+2, r19	; 0x02
     dcc:	4b 83       	std	Y+3, r20	; 0x03
     dce:	5c 83       	std	Y+4, r21	; 0x04
     dd0:	69 81       	ldd	r22, Y+1	; 0x01
     dd2:	7a 81       	ldd	r23, Y+2	; 0x02
     dd4:	8b 81       	ldd	r24, Y+3	; 0x03
     dd6:	9c 81       	ldd	r25, Y+4	; 0x04
     dd8:	2d e1       	ldi	r18, 0x1D	; 29
     dda:	33 ef       	ldi	r19, 0xF3	; 243
     ddc:	41 e0       	ldi	r20, 0x01	; 1
     dde:	50 e0       	ldi	r21, 0x00	; 0
     de0:	0e 94 dd 09 	call	0x13ba	; 0x13ba <__divmodsi4>
     de4:	69 01       	movw	r12, r18
     de6:	7a 01       	movw	r14, r20
     de8:	a7 ea       	ldi	r26, 0xA7	; 167
     dea:	b1 e4       	ldi	r27, 0x41	; 65
     dec:	9b 01       	movw	r18, r22
     dee:	ac 01       	movw	r20, r24
     df0:	0e 94 fc 09 	call	0x13f8	; 0x13f8 <__muluhisi3>
     df4:	69 83       	std	Y+1, r22	; 0x01
     df6:	7a 83       	std	Y+2, r23	; 0x02
     df8:	8b 83       	std	Y+3, r24	; 0x03
     dfa:	9c 83       	std	Y+4, r25	; 0x04
     dfc:	ac ee       	ldi	r26, 0xEC	; 236
     dfe:	b4 ef       	ldi	r27, 0xF4	; 244
     e00:	a7 01       	movw	r20, r14
     e02:	96 01       	movw	r18, r12
     e04:	0e 94 0a 0a 	call	0x1414	; 0x1414 <__mulohisi3>
     e08:	9b 01       	movw	r18, r22
     e0a:	ac 01       	movw	r20, r24
     e0c:	89 81       	ldd	r24, Y+1	; 0x01
     e0e:	9a 81       	ldd	r25, Y+2	; 0x02
     e10:	ab 81       	ldd	r26, Y+3	; 0x03
     e12:	bc 81       	ldd	r27, Y+4	; 0x04
     e14:	82 0f       	add	r24, r18
     e16:	93 1f       	adc	r25, r19
     e18:	a4 1f       	adc	r26, r20
     e1a:	b5 1f       	adc	r27, r21
     e1c:	b7 ff       	sbrs	r27, 7
     e1e:	03 c0       	rjmp	.+6      	; 0xe26 <do_rand+0xa2>
     e20:	01 97       	sbiw	r24, 0x01	; 1
     e22:	a1 09       	sbc	r26, r1
     e24:	b0 48       	sbci	r27, 0x80	; 128
     e26:	e9 85       	ldd	r30, Y+9	; 0x09
     e28:	fa 85       	ldd	r31, Y+10	; 0x0a
     e2a:	80 83       	st	Z, r24
     e2c:	91 83       	std	Z+1, r25	; 0x01
     e2e:	a2 83       	std	Z+2, r26	; 0x02
     e30:	b3 83       	std	Z+3, r27	; 0x03
     e32:	9f 77       	andi	r25, 0x7F	; 127
     e34:	2a 96       	adiw	r28, 0x0a	; 10
     e36:	0f b6       	in	r0, 0x3f	; 63
     e38:	f8 94       	cli
     e3a:	de bf       	out	0x3e, r29	; 62
     e3c:	0f be       	out	0x3f, r0	; 63
     e3e:	cd bf       	out	0x3d, r28	; 61
     e40:	df 91       	pop	r29
     e42:	cf 91       	pop	r28
     e44:	ff 90       	pop	r15
     e46:	ef 90       	pop	r14
     e48:	df 90       	pop	r13
     e4a:	cf 90       	pop	r12
     e4c:	08 95       	ret

00000e4e <rand_r>:
     e4e:	0e 94 c2 06 	call	0xd84	; 0xd84 <do_rand>
     e52:	08 95       	ret

00000e54 <rand>:
     e54:	80 e0       	ldi	r24, 0x00	; 0
     e56:	91 e0       	ldi	r25, 0x01	; 1
     e58:	0e 94 c2 06 	call	0xd84	; 0xd84 <do_rand>
     e5c:	08 95       	ret

00000e5e <srand>:
     e5e:	b0 e0       	ldi	r27, 0x00	; 0
     e60:	a0 e0       	ldi	r26, 0x00	; 0
     e62:	80 93 00 01 	sts	0x0100, r24	; 0x800100 <next>
     e66:	90 93 01 01 	sts	0x0101, r25	; 0x800101 <next+0x1>
     e6a:	a0 93 02 01 	sts	0x0102, r26	; 0x800102 <next+0x2>
     e6e:	b0 93 03 01 	sts	0x0103, r27	; 0x800103 <next+0x3>
     e72:	08 95       	ret

00000e74 <memcpy_P>:
     e74:	fb 01       	movw	r30, r22
     e76:	dc 01       	movw	r26, r24
     e78:	02 c0       	rjmp	.+4      	; 0xe7e <memcpy_P+0xa>
     e7a:	05 90       	lpm	r0, Z+
     e7c:	0d 92       	st	X+, r0
     e7e:	41 50       	subi	r20, 0x01	; 1
     e80:	50 40       	sbci	r21, 0x00	; 0
     e82:	d8 f7       	brcc	.-10     	; 0xe7a <memcpy_P+0x6>
     e84:	08 95       	ret

00000e86 <sprintf>:
     e86:	ae e0       	ldi	r26, 0x0E	; 14
     e88:	b0 e0       	ldi	r27, 0x00	; 0
     e8a:	e9 e4       	ldi	r30, 0x49	; 73
     e8c:	f7 e0       	ldi	r31, 0x07	; 7
     e8e:	0c 94 1d 0a 	jmp	0x143a	; 0x143a <__prologue_saves__+0x1c>
     e92:	0d 89       	ldd	r16, Y+21	; 0x15
     e94:	1e 89       	ldd	r17, Y+22	; 0x16
     e96:	86 e0       	ldi	r24, 0x06	; 6
     e98:	8c 83       	std	Y+4, r24	; 0x04
     e9a:	1a 83       	std	Y+2, r17	; 0x02
     e9c:	09 83       	std	Y+1, r16	; 0x01
     e9e:	8f ef       	ldi	r24, 0xFF	; 255
     ea0:	9f e7       	ldi	r25, 0x7F	; 127
     ea2:	9e 83       	std	Y+6, r25	; 0x06
     ea4:	8d 83       	std	Y+5, r24	; 0x05
     ea6:	ae 01       	movw	r20, r28
     ea8:	47 5e       	subi	r20, 0xE7	; 231
     eaa:	5f 4f       	sbci	r21, 0xFF	; 255
     eac:	6f 89       	ldd	r22, Y+23	; 0x17
     eae:	78 8d       	ldd	r23, Y+24	; 0x18
     eb0:	ce 01       	movw	r24, r28
     eb2:	01 96       	adiw	r24, 0x01	; 1
     eb4:	0e 94 66 07 	call	0xecc	; 0xecc <vfprintf>
     eb8:	2f 81       	ldd	r18, Y+7	; 0x07
     eba:	38 85       	ldd	r19, Y+8	; 0x08
     ebc:	02 0f       	add	r16, r18
     ebe:	13 1f       	adc	r17, r19
     ec0:	f8 01       	movw	r30, r16
     ec2:	10 82       	st	Z, r1
     ec4:	2e 96       	adiw	r28, 0x0e	; 14
     ec6:	e4 e0       	ldi	r30, 0x04	; 4
     ec8:	0c 94 39 0a 	jmp	0x1472	; 0x1472 <__epilogue_restores__+0x1c>

00000ecc <vfprintf>:
     ecc:	af e0       	ldi	r26, 0x0F	; 15
     ece:	b0 e0       	ldi	r27, 0x00	; 0
     ed0:	ec e6       	ldi	r30, 0x6C	; 108
     ed2:	f7 e0       	ldi	r31, 0x07	; 7
     ed4:	0c 94 0f 0a 	jmp	0x141e	; 0x141e <__prologue_saves__>
     ed8:	7c 01       	movw	r14, r24
     eda:	3b 01       	movw	r6, r22
     edc:	8a 01       	movw	r16, r20
     ede:	dc 01       	movw	r26, r24
     ee0:	17 96       	adiw	r26, 0x07	; 7
     ee2:	1c 92       	st	X, r1
     ee4:	1e 92       	st	-X, r1
     ee6:	16 97       	sbiw	r26, 0x06	; 6
     ee8:	13 96       	adiw	r26, 0x03	; 3
     eea:	8c 91       	ld	r24, X
     eec:	81 ff       	sbrs	r24, 1
     eee:	be c1       	rjmp	.+892    	; 0x126c <vfprintf+0x3a0>
     ef0:	9a e0       	ldi	r25, 0x0A	; 10
     ef2:	29 2e       	mov	r2, r25
     ef4:	fe 01       	movw	r30, r28
     ef6:	31 96       	adiw	r30, 0x01	; 1
     ef8:	4f 01       	movw	r8, r30
     efa:	d7 01       	movw	r26, r14
     efc:	13 96       	adiw	r26, 0x03	; 3
     efe:	9c 91       	ld	r25, X
     f00:	f3 01       	movw	r30, r6
     f02:	93 fd       	sbrc	r25, 3
     f04:	85 91       	lpm	r24, Z+
     f06:	93 ff       	sbrs	r25, 3
     f08:	81 91       	ld	r24, Z+
     f0a:	3f 01       	movw	r6, r30
     f0c:	88 23       	and	r24, r24
     f0e:	09 f4       	brne	.+2      	; 0xf12 <vfprintf+0x46>
     f10:	44 c1       	rjmp	.+648    	; 0x119a <vfprintf+0x2ce>
     f12:	85 32       	cpi	r24, 0x25	; 37
     f14:	39 f4       	brne	.+14     	; 0xf24 <vfprintf+0x58>
     f16:	93 fd       	sbrc	r25, 3
     f18:	85 91       	lpm	r24, Z+
     f1a:	93 ff       	sbrs	r25, 3
     f1c:	81 91       	ld	r24, Z+
     f1e:	3f 01       	movw	r6, r30
     f20:	85 32       	cpi	r24, 0x25	; 37
     f22:	29 f4       	brne	.+10     	; 0xf2e <vfprintf+0x62>
     f24:	b7 01       	movw	r22, r14
     f26:	90 e0       	ldi	r25, 0x00	; 0
     f28:	0e 94 4f 09 	call	0x129e	; 0x129e <fputc>
     f2c:	e6 cf       	rjmp	.-52     	; 0xefa <vfprintf+0x2e>
     f2e:	b1 2c       	mov	r11, r1
     f30:	41 2c       	mov	r4, r1
     f32:	51 2c       	mov	r5, r1
     f34:	bf e1       	ldi	r27, 0x1F	; 31
     f36:	b5 15       	cp	r27, r5
     f38:	38 f0       	brcs	.+14     	; 0xf48 <vfprintf+0x7c>
     f3a:	8b 32       	cpi	r24, 0x2B	; 43
     f3c:	09 f1       	breq	.+66     	; 0xf80 <vfprintf+0xb4>
     f3e:	88 f4       	brcc	.+34     	; 0xf62 <vfprintf+0x96>
     f40:	80 32       	cpi	r24, 0x20	; 32
     f42:	01 f1       	breq	.+64     	; 0xf84 <vfprintf+0xb8>
     f44:	83 32       	cpi	r24, 0x23	; 35
     f46:	21 f1       	breq	.+72     	; 0xf90 <vfprintf+0xc4>
     f48:	57 fc       	sbrc	r5, 7
     f4a:	3a c0       	rjmp	.+116    	; 0xfc0 <vfprintf+0xf4>
     f4c:	20 ed       	ldi	r18, 0xD0	; 208
     f4e:	28 0f       	add	r18, r24
     f50:	2a 30       	cpi	r18, 0x0A	; 10
     f52:	40 f5       	brcc	.+80     	; 0xfa4 <vfprintf+0xd8>
     f54:	56 fe       	sbrs	r5, 6
     f56:	1f c0       	rjmp	.+62     	; 0xf96 <vfprintf+0xca>
     f58:	b2 9c       	mul	r11, r2
     f5a:	20 0d       	add	r18, r0
     f5c:	11 24       	eor	r1, r1
     f5e:	b2 2e       	mov	r11, r18
     f60:	06 c0       	rjmp	.+12     	; 0xf6e <vfprintf+0xa2>
     f62:	8d 32       	cpi	r24, 0x2D	; 45
     f64:	91 f0       	breq	.+36     	; 0xf8a <vfprintf+0xbe>
     f66:	80 33       	cpi	r24, 0x30	; 48
     f68:	79 f7       	brne	.-34     	; 0xf48 <vfprintf+0x7c>
     f6a:	68 94       	set
     f6c:	50 f8       	bld	r5, 0
     f6e:	f3 01       	movw	r30, r6
     f70:	93 fd       	sbrc	r25, 3
     f72:	85 91       	lpm	r24, Z+
     f74:	93 ff       	sbrs	r25, 3
     f76:	81 91       	ld	r24, Z+
     f78:	3f 01       	movw	r6, r30
     f7a:	81 11       	cpse	r24, r1
     f7c:	db cf       	rjmp	.-74     	; 0xf34 <vfprintf+0x68>
     f7e:	20 c0       	rjmp	.+64     	; 0xfc0 <vfprintf+0xf4>
     f80:	68 94       	set
     f82:	51 f8       	bld	r5, 1
     f84:	68 94       	set
     f86:	52 f8       	bld	r5, 2
     f88:	f2 cf       	rjmp	.-28     	; 0xf6e <vfprintf+0xa2>
     f8a:	68 94       	set
     f8c:	53 f8       	bld	r5, 3
     f8e:	ef cf       	rjmp	.-34     	; 0xf6e <vfprintf+0xa2>
     f90:	68 94       	set
     f92:	54 f8       	bld	r5, 4
     f94:	ec cf       	rjmp	.-40     	; 0xf6e <vfprintf+0xa2>
     f96:	42 9c       	mul	r4, r2
     f98:	20 0d       	add	r18, r0
     f9a:	11 24       	eor	r1, r1
     f9c:	42 2e       	mov	r4, r18
     f9e:	68 94       	set
     fa0:	55 f8       	bld	r5, 5
     fa2:	e5 cf       	rjmp	.-54     	; 0xf6e <vfprintf+0xa2>
     fa4:	8e 32       	cpi	r24, 0x2E	; 46
     fa6:	29 f4       	brne	.+10     	; 0xfb2 <vfprintf+0xe6>
     fa8:	56 fc       	sbrc	r5, 6
     faa:	f7 c0       	rjmp	.+494    	; 0x119a <vfprintf+0x2ce>
     fac:	68 94       	set
     fae:	56 f8       	bld	r5, 6
     fb0:	de cf       	rjmp	.-68     	; 0xf6e <vfprintf+0xa2>
     fb2:	8c 36       	cpi	r24, 0x6C	; 108
     fb4:	19 f4       	brne	.+6      	; 0xfbc <vfprintf+0xf0>
     fb6:	68 94       	set
     fb8:	57 f8       	bld	r5, 7
     fba:	d9 cf       	rjmp	.-78     	; 0xf6e <vfprintf+0xa2>
     fbc:	88 36       	cpi	r24, 0x68	; 104
     fbe:	b9 f2       	breq	.-82     	; 0xf6e <vfprintf+0xa2>
     fc0:	98 2f       	mov	r25, r24
     fc2:	9f 7d       	andi	r25, 0xDF	; 223
     fc4:	95 54       	subi	r25, 0x45	; 69
     fc6:	93 30       	cpi	r25, 0x03	; 3
     fc8:	c0 f0       	brcs	.+48     	; 0xffa <vfprintf+0x12e>
     fca:	83 36       	cpi	r24, 0x63	; 99
     fcc:	81 f1       	breq	.+96     	; 0x102e <vfprintf+0x162>
     fce:	83 37       	cpi	r24, 0x73	; 115
     fd0:	a1 f1       	breq	.+104    	; 0x103a <vfprintf+0x16e>
     fd2:	83 35       	cpi	r24, 0x53	; 83
     fd4:	09 f0       	breq	.+2      	; 0xfd8 <vfprintf+0x10c>
     fd6:	5b c0       	rjmp	.+182    	; 0x108e <vfprintf+0x1c2>
     fd8:	d8 01       	movw	r26, r16
     fda:	cd 90       	ld	r12, X+
     fdc:	dd 90       	ld	r13, X+
     fde:	8d 01       	movw	r16, r26
     fe0:	6b 2d       	mov	r22, r11
     fe2:	70 e0       	ldi	r23, 0x00	; 0
     fe4:	56 fc       	sbrc	r5, 6
     fe6:	02 c0       	rjmp	.+4      	; 0xfec <vfprintf+0x120>
     fe8:	6f ef       	ldi	r22, 0xFF	; 255
     fea:	7f ef       	ldi	r23, 0xFF	; 255
     fec:	c6 01       	movw	r24, r12
     fee:	0e 94 39 09 	call	0x1272	; 0x1272 <strnlen_P>
     ff2:	5c 01       	movw	r10, r24
     ff4:	68 94       	set
     ff6:	57 f8       	bld	r5, 7
     ff8:	0a c0       	rjmp	.+20     	; 0x100e <vfprintf+0x142>
     ffa:	0c 5f       	subi	r16, 0xFC	; 252
     ffc:	1f 4f       	sbci	r17, 0xFF	; 255
     ffe:	ef e3       	ldi	r30, 0x3F	; 63
    1000:	e9 83       	std	Y+1, r30	; 0x01
    1002:	aa 24       	eor	r10, r10
    1004:	a3 94       	inc	r10
    1006:	b1 2c       	mov	r11, r1
    1008:	64 01       	movw	r12, r8
    100a:	e8 94       	clt
    100c:	57 f8       	bld	r5, 7
    100e:	53 fe       	sbrs	r5, 3
    1010:	29 c0       	rjmp	.+82     	; 0x1064 <vfprintf+0x198>
    1012:	34 2c       	mov	r3, r4
    1014:	a1 14       	cp	r10, r1
    1016:	b1 04       	cpc	r11, r1
    1018:	51 f5       	brne	.+84     	; 0x106e <vfprintf+0x1a2>
    101a:	33 20       	and	r3, r3
    101c:	09 f4       	brne	.+2      	; 0x1020 <vfprintf+0x154>
    101e:	6d cf       	rjmp	.-294    	; 0xefa <vfprintf+0x2e>
    1020:	b7 01       	movw	r22, r14
    1022:	80 e2       	ldi	r24, 0x20	; 32
    1024:	90 e0       	ldi	r25, 0x00	; 0
    1026:	0e 94 4f 09 	call	0x129e	; 0x129e <fputc>
    102a:	3a 94       	dec	r3
    102c:	f6 cf       	rjmp	.-20     	; 0x101a <vfprintf+0x14e>
    102e:	d8 01       	movw	r26, r16
    1030:	8c 91       	ld	r24, X
    1032:	89 83       	std	Y+1, r24	; 0x01
    1034:	0e 5f       	subi	r16, 0xFE	; 254
    1036:	1f 4f       	sbci	r17, 0xFF	; 255
    1038:	e4 cf       	rjmp	.-56     	; 0x1002 <vfprintf+0x136>
    103a:	f8 01       	movw	r30, r16
    103c:	c1 90       	ld	r12, Z+
    103e:	d1 90       	ld	r13, Z+
    1040:	8f 01       	movw	r16, r30
    1042:	6b 2d       	mov	r22, r11
    1044:	70 e0       	ldi	r23, 0x00	; 0
    1046:	56 fc       	sbrc	r5, 6
    1048:	02 c0       	rjmp	.+4      	; 0x104e <vfprintf+0x182>
    104a:	6f ef       	ldi	r22, 0xFF	; 255
    104c:	7f ef       	ldi	r23, 0xFF	; 255
    104e:	c6 01       	movw	r24, r12
    1050:	0e 94 44 09 	call	0x1288	; 0x1288 <strnlen>
    1054:	5c 01       	movw	r10, r24
    1056:	d9 cf       	rjmp	.-78     	; 0x100a <vfprintf+0x13e>
    1058:	b7 01       	movw	r22, r14
    105a:	80 e2       	ldi	r24, 0x20	; 32
    105c:	90 e0       	ldi	r25, 0x00	; 0
    105e:	0e 94 4f 09 	call	0x129e	; 0x129e <fputc>
    1062:	4a 94       	dec	r4
    1064:	4a 14       	cp	r4, r10
    1066:	1b 04       	cpc	r1, r11
    1068:	09 f0       	breq	.+2      	; 0x106c <vfprintf+0x1a0>
    106a:	b0 f7       	brcc	.-20     	; 0x1058 <vfprintf+0x18c>
    106c:	d2 cf       	rjmp	.-92     	; 0x1012 <vfprintf+0x146>
    106e:	f6 01       	movw	r30, r12
    1070:	57 fc       	sbrc	r5, 7
    1072:	85 91       	lpm	r24, Z+
    1074:	57 fe       	sbrs	r5, 7
    1076:	81 91       	ld	r24, Z+
    1078:	6f 01       	movw	r12, r30
    107a:	b7 01       	movw	r22, r14
    107c:	90 e0       	ldi	r25, 0x00	; 0
    107e:	0e 94 4f 09 	call	0x129e	; 0x129e <fputc>
    1082:	31 10       	cpse	r3, r1
    1084:	3a 94       	dec	r3
    1086:	b1 e0       	ldi	r27, 0x01	; 1
    1088:	ab 1a       	sub	r10, r27
    108a:	b1 08       	sbc	r11, r1
    108c:	c3 cf       	rjmp	.-122    	; 0x1014 <vfprintf+0x148>
    108e:	84 36       	cpi	r24, 0x64	; 100
    1090:	19 f0       	breq	.+6      	; 0x1098 <vfprintf+0x1cc>
    1092:	89 36       	cpi	r24, 0x69	; 105
    1094:	09 f0       	breq	.+2      	; 0x1098 <vfprintf+0x1cc>
    1096:	71 c0       	rjmp	.+226    	; 0x117a <vfprintf+0x2ae>
    1098:	f8 01       	movw	r30, r16
    109a:	57 fe       	sbrs	r5, 7
    109c:	67 c0       	rjmp	.+206    	; 0x116c <vfprintf+0x2a0>
    109e:	61 91       	ld	r22, Z+
    10a0:	71 91       	ld	r23, Z+
    10a2:	81 91       	ld	r24, Z+
    10a4:	91 91       	ld	r25, Z+
    10a6:	8f 01       	movw	r16, r30
    10a8:	e5 2d       	mov	r30, r5
    10aa:	ef 76       	andi	r30, 0x6F	; 111
    10ac:	de 2e       	mov	r13, r30
    10ae:	97 ff       	sbrs	r25, 7
    10b0:	09 c0       	rjmp	.+18     	; 0x10c4 <vfprintf+0x1f8>
    10b2:	90 95       	com	r25
    10b4:	80 95       	com	r24
    10b6:	70 95       	com	r23
    10b8:	61 95       	neg	r22
    10ba:	7f 4f       	sbci	r23, 0xFF	; 255
    10bc:	8f 4f       	sbci	r24, 0xFF	; 255
    10be:	9f 4f       	sbci	r25, 0xFF	; 255
    10c0:	68 94       	set
    10c2:	d7 f8       	bld	r13, 7
    10c4:	2a e0       	ldi	r18, 0x0A	; 10
    10c6:	30 e0       	ldi	r19, 0x00	; 0
    10c8:	a4 01       	movw	r20, r8
    10ca:	0e 94 7f 09 	call	0x12fe	; 0x12fe <__ultoa_invert>
    10ce:	c8 2e       	mov	r12, r24
    10d0:	c8 18       	sub	r12, r8
    10d2:	ac 2c       	mov	r10, r12
    10d4:	5d 2c       	mov	r5, r13
    10d6:	d6 fe       	sbrs	r13, 6
    10d8:	0c c0       	rjmp	.+24     	; 0x10f2 <vfprintf+0x226>
    10da:	e8 94       	clt
    10dc:	50 f8       	bld	r5, 0
    10de:	cb 14       	cp	r12, r11
    10e0:	40 f4       	brcc	.+16     	; 0x10f2 <vfprintf+0x226>
    10e2:	d4 fe       	sbrs	r13, 4
    10e4:	05 c0       	rjmp	.+10     	; 0x10f0 <vfprintf+0x224>
    10e6:	d2 fc       	sbrc	r13, 2
    10e8:	03 c0       	rjmp	.+6      	; 0x10f0 <vfprintf+0x224>
    10ea:	5d 2d       	mov	r21, r13
    10ec:	5e 7e       	andi	r21, 0xEE	; 238
    10ee:	55 2e       	mov	r5, r21
    10f0:	ab 2c       	mov	r10, r11
    10f2:	54 fe       	sbrs	r5, 4
    10f4:	93 c0       	rjmp	.+294    	; 0x121c <vfprintf+0x350>
    10f6:	fe 01       	movw	r30, r28
    10f8:	ec 0d       	add	r30, r12
    10fa:	f1 1d       	adc	r31, r1
    10fc:	80 81       	ld	r24, Z
    10fe:	80 33       	cpi	r24, 0x30	; 48
    1100:	09 f0       	breq	.+2      	; 0x1104 <vfprintf+0x238>
    1102:	85 c0       	rjmp	.+266    	; 0x120e <vfprintf+0x342>
    1104:	65 2d       	mov	r22, r5
    1106:	69 7e       	andi	r22, 0xE9	; 233
    1108:	56 2e       	mov	r5, r22
    110a:	75 2d       	mov	r23, r5
    110c:	78 70       	andi	r23, 0x08	; 8
    110e:	37 2e       	mov	r3, r23
    1110:	53 fc       	sbrc	r5, 3
    1112:	93 c0       	rjmp	.+294    	; 0x123a <vfprintf+0x36e>
    1114:	50 fe       	sbrs	r5, 0
    1116:	8d c0       	rjmp	.+282    	; 0x1232 <vfprintf+0x366>
    1118:	bc 2c       	mov	r11, r12
    111a:	a4 14       	cp	r10, r4
    111c:	10 f4       	brcc	.+4      	; 0x1122 <vfprintf+0x256>
    111e:	b4 0c       	add	r11, r4
    1120:	ba 18       	sub	r11, r10
    1122:	54 fe       	sbrs	r5, 4
    1124:	90 c0       	rjmp	.+288    	; 0x1246 <vfprintf+0x37a>
    1126:	b7 01       	movw	r22, r14
    1128:	80 e3       	ldi	r24, 0x30	; 48
    112a:	90 e0       	ldi	r25, 0x00	; 0
    112c:	0e 94 4f 09 	call	0x129e	; 0x129e <fputc>
    1130:	52 fe       	sbrs	r5, 2
    1132:	07 c0       	rjmp	.+14     	; 0x1142 <vfprintf+0x276>
    1134:	88 e7       	ldi	r24, 0x78	; 120
    1136:	51 fc       	sbrc	r5, 1
    1138:	88 e5       	ldi	r24, 0x58	; 88
    113a:	90 e0       	ldi	r25, 0x00	; 0
    113c:	b7 01       	movw	r22, r14
    113e:	0e 94 4f 09 	call	0x129e	; 0x129e <fputc>
    1142:	cb 14       	cp	r12, r11
    1144:	08 f4       	brcc	.+2      	; 0x1148 <vfprintf+0x27c>
    1146:	8b c0       	rjmp	.+278    	; 0x125e <vfprintf+0x392>
    1148:	ca 94       	dec	r12
    114a:	d1 2c       	mov	r13, r1
    114c:	8f ef       	ldi	r24, 0xFF	; 255
    114e:	c8 1a       	sub	r12, r24
    1150:	d8 0a       	sbc	r13, r24
    1152:	c8 0c       	add	r12, r8
    1154:	d9 1c       	adc	r13, r9
    1156:	d6 01       	movw	r26, r12
    1158:	8e 91       	ld	r24, -X
    115a:	6d 01       	movw	r12, r26
    115c:	b7 01       	movw	r22, r14
    115e:	90 e0       	ldi	r25, 0x00	; 0
    1160:	0e 94 4f 09 	call	0x129e	; 0x129e <fputc>
    1164:	8c 14       	cp	r8, r12
    1166:	9d 04       	cpc	r9, r13
    1168:	b1 f7       	brne	.-20     	; 0x1156 <vfprintf+0x28a>
    116a:	57 cf       	rjmp	.-338    	; 0x101a <vfprintf+0x14e>
    116c:	61 91       	ld	r22, Z+
    116e:	71 91       	ld	r23, Z+
    1170:	07 2e       	mov	r0, r23
    1172:	00 0c       	add	r0, r0
    1174:	88 0b       	sbc	r24, r24
    1176:	99 0b       	sbc	r25, r25
    1178:	96 cf       	rjmp	.-212    	; 0x10a6 <vfprintf+0x1da>
    117a:	d5 2c       	mov	r13, r5
    117c:	e8 94       	clt
    117e:	d4 f8       	bld	r13, 4
    1180:	2a e0       	ldi	r18, 0x0A	; 10
    1182:	85 37       	cpi	r24, 0x75	; 117
    1184:	29 f1       	breq	.+74     	; 0x11d0 <vfprintf+0x304>
    1186:	f5 2d       	mov	r31, r5
    1188:	f9 7f       	andi	r31, 0xF9	; 249
    118a:	df 2e       	mov	r13, r31
    118c:	80 37       	cpi	r24, 0x70	; 112
    118e:	a1 f0       	breq	.+40     	; 0x11b8 <vfprintf+0x2ec>
    1190:	58 f4       	brcc	.+22     	; 0x11a8 <vfprintf+0x2dc>
    1192:	88 35       	cpi	r24, 0x58	; 88
    1194:	a1 f0       	breq	.+40     	; 0x11be <vfprintf+0x2f2>
    1196:	8f 36       	cpi	r24, 0x6F	; 111
    1198:	d1 f0       	breq	.+52     	; 0x11ce <vfprintf+0x302>
    119a:	f7 01       	movw	r30, r14
    119c:	86 81       	ldd	r24, Z+6	; 0x06
    119e:	97 81       	ldd	r25, Z+7	; 0x07
    11a0:	2f 96       	adiw	r28, 0x0f	; 15
    11a2:	e2 e1       	ldi	r30, 0x12	; 18
    11a4:	0c 94 2b 0a 	jmp	0x1456	; 0x1456 <__epilogue_restores__>
    11a8:	88 37       	cpi	r24, 0x78	; 120
    11aa:	b9 f7       	brne	.-18     	; 0x119a <vfprintf+0x2ce>
    11ac:	d4 fe       	sbrs	r13, 4
    11ae:	02 c0       	rjmp	.+4      	; 0x11b4 <vfprintf+0x2e8>
    11b0:	68 94       	set
    11b2:	d2 f8       	bld	r13, 2
    11b4:	20 e1       	ldi	r18, 0x10	; 16
    11b6:	0c c0       	rjmp	.+24     	; 0x11d0 <vfprintf+0x304>
    11b8:	68 94       	set
    11ba:	d4 f8       	bld	r13, 4
    11bc:	f7 cf       	rjmp	.-18     	; 0x11ac <vfprintf+0x2e0>
    11be:	54 fe       	sbrs	r5, 4
    11c0:	03 c0       	rjmp	.+6      	; 0x11c8 <vfprintf+0x2fc>
    11c2:	2f 2f       	mov	r18, r31
    11c4:	26 60       	ori	r18, 0x06	; 6
    11c6:	d2 2e       	mov	r13, r18
    11c8:	20 e1       	ldi	r18, 0x10	; 16
    11ca:	32 e0       	ldi	r19, 0x02	; 2
    11cc:	02 c0       	rjmp	.+4      	; 0x11d2 <vfprintf+0x306>
    11ce:	28 e0       	ldi	r18, 0x08	; 8
    11d0:	30 e0       	ldi	r19, 0x00	; 0
    11d2:	f8 01       	movw	r30, r16
    11d4:	d7 fe       	sbrs	r13, 7
    11d6:	15 c0       	rjmp	.+42     	; 0x1202 <vfprintf+0x336>
    11d8:	41 91       	ld	r20, Z+
    11da:	51 91       	ld	r21, Z+
    11dc:	61 91       	ld	r22, Z+
    11de:	71 91       	ld	r23, Z+
    11e0:	4c 87       	std	Y+12, r20	; 0x0c
    11e2:	5d 87       	std	Y+13, r21	; 0x0d
    11e4:	6e 87       	std	Y+14, r22	; 0x0e
    11e6:	7f 87       	std	Y+15, r23	; 0x0f
    11e8:	8f 01       	movw	r16, r30
    11ea:	a4 01       	movw	r20, r8
    11ec:	6c 85       	ldd	r22, Y+12	; 0x0c
    11ee:	7d 85       	ldd	r23, Y+13	; 0x0d
    11f0:	8e 85       	ldd	r24, Y+14	; 0x0e
    11f2:	9f 85       	ldd	r25, Y+15	; 0x0f
    11f4:	0e 94 7f 09 	call	0x12fe	; 0x12fe <__ultoa_invert>
    11f8:	c8 2e       	mov	r12, r24
    11fa:	c8 18       	sub	r12, r8
    11fc:	e8 94       	clt
    11fe:	d7 f8       	bld	r13, 7
    1200:	68 cf       	rjmp	.-304    	; 0x10d2 <vfprintf+0x206>
    1202:	81 91       	ld	r24, Z+
    1204:	91 91       	ld	r25, Z+
    1206:	ac 01       	movw	r20, r24
    1208:	70 e0       	ldi	r23, 0x00	; 0
    120a:	60 e0       	ldi	r22, 0x00	; 0
    120c:	e9 cf       	rjmp	.-46     	; 0x11e0 <vfprintf+0x314>
    120e:	52 fc       	sbrc	r5, 2
    1210:	02 c0       	rjmp	.+4      	; 0x1216 <vfprintf+0x34a>
    1212:	a3 94       	inc	r10
    1214:	7a cf       	rjmp	.-268    	; 0x110a <vfprintf+0x23e>
    1216:	a3 94       	inc	r10
    1218:	a3 94       	inc	r10
    121a:	77 cf       	rjmp	.-274    	; 0x110a <vfprintf+0x23e>
    121c:	85 2d       	mov	r24, r5
    121e:	86 78       	andi	r24, 0x86	; 134
    1220:	09 f4       	brne	.+2      	; 0x1224 <vfprintf+0x358>
    1222:	73 cf       	rjmp	.-282    	; 0x110a <vfprintf+0x23e>
    1224:	f6 cf       	rjmp	.-20     	; 0x1212 <vfprintf+0x346>
    1226:	b7 01       	movw	r22, r14
    1228:	80 e2       	ldi	r24, 0x20	; 32
    122a:	90 e0       	ldi	r25, 0x00	; 0
    122c:	0e 94 4f 09 	call	0x129e	; 0x129e <fputc>
    1230:	a3 94       	inc	r10
    1232:	a4 14       	cp	r10, r4
    1234:	c0 f3       	brcs	.-16     	; 0x1226 <vfprintf+0x35a>
    1236:	31 2c       	mov	r3, r1
    1238:	74 cf       	rjmp	.-280    	; 0x1122 <vfprintf+0x256>
    123a:	34 2c       	mov	r3, r4
    123c:	3a 18       	sub	r3, r10
    123e:	a4 14       	cp	r10, r4
    1240:	08 f4       	brcc	.+2      	; 0x1244 <vfprintf+0x378>
    1242:	6f cf       	rjmp	.-290    	; 0x1122 <vfprintf+0x256>
    1244:	f8 cf       	rjmp	.-16     	; 0x1236 <vfprintf+0x36a>
    1246:	85 2d       	mov	r24, r5
    1248:	86 78       	andi	r24, 0x86	; 134
    124a:	09 f4       	brne	.+2      	; 0x124e <vfprintf+0x382>
    124c:	7a cf       	rjmp	.-268    	; 0x1142 <vfprintf+0x276>
    124e:	8b e2       	ldi	r24, 0x2B	; 43
    1250:	51 fe       	sbrs	r5, 1
    1252:	80 e2       	ldi	r24, 0x20	; 32
    1254:	57 fc       	sbrc	r5, 7
    1256:	8d e2       	ldi	r24, 0x2D	; 45
    1258:	b7 01       	movw	r22, r14
    125a:	90 e0       	ldi	r25, 0x00	; 0
    125c:	70 cf       	rjmp	.-288    	; 0x113e <vfprintf+0x272>
    125e:	b7 01       	movw	r22, r14
    1260:	80 e3       	ldi	r24, 0x30	; 48
    1262:	90 e0       	ldi	r25, 0x00	; 0
    1264:	0e 94 4f 09 	call	0x129e	; 0x129e <fputc>
    1268:	ba 94       	dec	r11
    126a:	6b cf       	rjmp	.-298    	; 0x1142 <vfprintf+0x276>
    126c:	8f ef       	ldi	r24, 0xFF	; 255
    126e:	9f ef       	ldi	r25, 0xFF	; 255
    1270:	97 cf       	rjmp	.-210    	; 0x11a0 <vfprintf+0x2d4>

00001272 <strnlen_P>:
    1272:	fc 01       	movw	r30, r24
    1274:	05 90       	lpm	r0, Z+
    1276:	61 50       	subi	r22, 0x01	; 1
    1278:	70 40       	sbci	r23, 0x00	; 0
    127a:	01 10       	cpse	r0, r1
    127c:	d8 f7       	brcc	.-10     	; 0x1274 <strnlen_P+0x2>
    127e:	80 95       	com	r24
    1280:	90 95       	com	r25
    1282:	8e 0f       	add	r24, r30
    1284:	9f 1f       	adc	r25, r31
    1286:	08 95       	ret

00001288 <strnlen>:
    1288:	fc 01       	movw	r30, r24
    128a:	61 50       	subi	r22, 0x01	; 1
    128c:	70 40       	sbci	r23, 0x00	; 0
    128e:	01 90       	ld	r0, Z+
    1290:	01 10       	cpse	r0, r1
    1292:	d8 f7       	brcc	.-10     	; 0x128a <strnlen+0x2>
    1294:	80 95       	com	r24
    1296:	90 95       	com	r25
    1298:	8e 0f       	add	r24, r30
    129a:	9f 1f       	adc	r25, r31
    129c:	08 95       	ret

0000129e <fputc>:
    129e:	0f 93       	push	r16
    12a0:	1f 93       	push	r17
    12a2:	cf 93       	push	r28
    12a4:	df 93       	push	r29
    12a6:	18 2f       	mov	r17, r24
    12a8:	09 2f       	mov	r16, r25
    12aa:	eb 01       	movw	r28, r22
    12ac:	8b 81       	ldd	r24, Y+3	; 0x03
    12ae:	81 fd       	sbrc	r24, 1
    12b0:	09 c0       	rjmp	.+18     	; 0x12c4 <fputc+0x26>
    12b2:	1f ef       	ldi	r17, 0xFF	; 255
    12b4:	0f ef       	ldi	r16, 0xFF	; 255
    12b6:	81 2f       	mov	r24, r17
    12b8:	90 2f       	mov	r25, r16
    12ba:	df 91       	pop	r29
    12bc:	cf 91       	pop	r28
    12be:	1f 91       	pop	r17
    12c0:	0f 91       	pop	r16
    12c2:	08 95       	ret
    12c4:	82 ff       	sbrs	r24, 2
    12c6:	14 c0       	rjmp	.+40     	; 0x12f0 <fputc+0x52>
    12c8:	2e 81       	ldd	r18, Y+6	; 0x06
    12ca:	3f 81       	ldd	r19, Y+7	; 0x07
    12cc:	8c 81       	ldd	r24, Y+4	; 0x04
    12ce:	9d 81       	ldd	r25, Y+5	; 0x05
    12d0:	28 17       	cp	r18, r24
    12d2:	39 07       	cpc	r19, r25
    12d4:	3c f4       	brge	.+14     	; 0x12e4 <fputc+0x46>
    12d6:	e8 81       	ld	r30, Y
    12d8:	f9 81       	ldd	r31, Y+1	; 0x01
    12da:	cf 01       	movw	r24, r30
    12dc:	01 96       	adiw	r24, 0x01	; 1
    12de:	99 83       	std	Y+1, r25	; 0x01
    12e0:	88 83       	st	Y, r24
    12e2:	10 83       	st	Z, r17
    12e4:	8e 81       	ldd	r24, Y+6	; 0x06
    12e6:	9f 81       	ldd	r25, Y+7	; 0x07
    12e8:	01 96       	adiw	r24, 0x01	; 1
    12ea:	9f 83       	std	Y+7, r25	; 0x07
    12ec:	8e 83       	std	Y+6, r24	; 0x06
    12ee:	e3 cf       	rjmp	.-58     	; 0x12b6 <fputc+0x18>
    12f0:	e8 85       	ldd	r30, Y+8	; 0x08
    12f2:	f9 85       	ldd	r31, Y+9	; 0x09
    12f4:	81 2f       	mov	r24, r17
    12f6:	09 95       	icall
    12f8:	89 2b       	or	r24, r25
    12fa:	a1 f3       	breq	.-24     	; 0x12e4 <fputc+0x46>
    12fc:	da cf       	rjmp	.-76     	; 0x12b2 <fputc+0x14>

000012fe <__ultoa_invert>:
    12fe:	fa 01       	movw	r30, r20
    1300:	aa 27       	eor	r26, r26
    1302:	28 30       	cpi	r18, 0x08	; 8
    1304:	51 f1       	breq	.+84     	; 0x135a <__ultoa_invert+0x5c>
    1306:	20 31       	cpi	r18, 0x10	; 16
    1308:	81 f1       	breq	.+96     	; 0x136a <__ultoa_invert+0x6c>
    130a:	e8 94       	clt
    130c:	6f 93       	push	r22
    130e:	6e 7f       	andi	r22, 0xFE	; 254
    1310:	6e 5f       	subi	r22, 0xFE	; 254
    1312:	7f 4f       	sbci	r23, 0xFF	; 255
    1314:	8f 4f       	sbci	r24, 0xFF	; 255
    1316:	9f 4f       	sbci	r25, 0xFF	; 255
    1318:	af 4f       	sbci	r26, 0xFF	; 255
    131a:	b1 e0       	ldi	r27, 0x01	; 1
    131c:	3e d0       	rcall	.+124    	; 0x139a <__ultoa_invert+0x9c>
    131e:	b4 e0       	ldi	r27, 0x04	; 4
    1320:	3c d0       	rcall	.+120    	; 0x139a <__ultoa_invert+0x9c>
    1322:	67 0f       	add	r22, r23
    1324:	78 1f       	adc	r23, r24
    1326:	89 1f       	adc	r24, r25
    1328:	9a 1f       	adc	r25, r26
    132a:	a1 1d       	adc	r26, r1
    132c:	68 0f       	add	r22, r24
    132e:	79 1f       	adc	r23, r25
    1330:	8a 1f       	adc	r24, r26
    1332:	91 1d       	adc	r25, r1
    1334:	a1 1d       	adc	r26, r1
    1336:	6a 0f       	add	r22, r26
    1338:	71 1d       	adc	r23, r1
    133a:	81 1d       	adc	r24, r1
    133c:	91 1d       	adc	r25, r1
    133e:	a1 1d       	adc	r26, r1
    1340:	20 d0       	rcall	.+64     	; 0x1382 <__ultoa_invert+0x84>
    1342:	09 f4       	brne	.+2      	; 0x1346 <__ultoa_invert+0x48>
    1344:	68 94       	set
    1346:	3f 91       	pop	r19
    1348:	2a e0       	ldi	r18, 0x0A	; 10
    134a:	26 9f       	mul	r18, r22
    134c:	11 24       	eor	r1, r1
    134e:	30 19       	sub	r19, r0
    1350:	30 5d       	subi	r19, 0xD0	; 208
    1352:	31 93       	st	Z+, r19
    1354:	de f6       	brtc	.-74     	; 0x130c <__ultoa_invert+0xe>
    1356:	cf 01       	movw	r24, r30
    1358:	08 95       	ret
    135a:	46 2f       	mov	r20, r22
    135c:	47 70       	andi	r20, 0x07	; 7
    135e:	40 5d       	subi	r20, 0xD0	; 208
    1360:	41 93       	st	Z+, r20
    1362:	b3 e0       	ldi	r27, 0x03	; 3
    1364:	0f d0       	rcall	.+30     	; 0x1384 <__ultoa_invert+0x86>
    1366:	c9 f7       	brne	.-14     	; 0x135a <__ultoa_invert+0x5c>
    1368:	f6 cf       	rjmp	.-20     	; 0x1356 <__ultoa_invert+0x58>
    136a:	46 2f       	mov	r20, r22
    136c:	4f 70       	andi	r20, 0x0F	; 15
    136e:	40 5d       	subi	r20, 0xD0	; 208
    1370:	4a 33       	cpi	r20, 0x3A	; 58
    1372:	18 f0       	brcs	.+6      	; 0x137a <__ultoa_invert+0x7c>
    1374:	49 5d       	subi	r20, 0xD9	; 217
    1376:	31 fd       	sbrc	r19, 1
    1378:	40 52       	subi	r20, 0x20	; 32
    137a:	41 93       	st	Z+, r20
    137c:	02 d0       	rcall	.+4      	; 0x1382 <__ultoa_invert+0x84>
    137e:	a9 f7       	brne	.-22     	; 0x136a <__ultoa_invert+0x6c>
    1380:	ea cf       	rjmp	.-44     	; 0x1356 <__ultoa_invert+0x58>
    1382:	b4 e0       	ldi	r27, 0x04	; 4
    1384:	a6 95       	lsr	r26
    1386:	97 95       	ror	r25
    1388:	87 95       	ror	r24
    138a:	77 95       	ror	r23
    138c:	67 95       	ror	r22
    138e:	ba 95       	dec	r27
    1390:	c9 f7       	brne	.-14     	; 0x1384 <__ultoa_invert+0x86>
    1392:	00 97       	sbiw	r24, 0x00	; 0
    1394:	61 05       	cpc	r22, r1
    1396:	71 05       	cpc	r23, r1
    1398:	08 95       	ret
    139a:	9b 01       	movw	r18, r22
    139c:	ac 01       	movw	r20, r24
    139e:	0a 2e       	mov	r0, r26
    13a0:	06 94       	lsr	r0
    13a2:	57 95       	ror	r21
    13a4:	47 95       	ror	r20
    13a6:	37 95       	ror	r19
    13a8:	27 95       	ror	r18
    13aa:	ba 95       	dec	r27
    13ac:	c9 f7       	brne	.-14     	; 0x13a0 <__ultoa_invert+0xa2>
    13ae:	62 0f       	add	r22, r18
    13b0:	73 1f       	adc	r23, r19
    13b2:	84 1f       	adc	r24, r20
    13b4:	95 1f       	adc	r25, r21
    13b6:	a0 1d       	adc	r26, r0
    13b8:	08 95       	ret

000013ba <__divmodsi4>:
    13ba:	05 2e       	mov	r0, r21
    13bc:	97 fb       	bst	r25, 7
    13be:	1e f4       	brtc	.+6      	; 0x13c6 <__divmodsi4+0xc>
    13c0:	00 94       	com	r0
    13c2:	0e 94 f4 09 	call	0x13e8	; 0x13e8 <__negsi2>
    13c6:	57 fd       	sbrc	r21, 7
    13c8:	07 d0       	rcall	.+14     	; 0x13d8 <__divmodsi4_neg2>
    13ca:	0e 94 46 0a 	call	0x148c	; 0x148c <__udivmodsi4>
    13ce:	07 fc       	sbrc	r0, 7
    13d0:	03 d0       	rcall	.+6      	; 0x13d8 <__divmodsi4_neg2>
    13d2:	4e f4       	brtc	.+18     	; 0x13e6 <__divmodsi4_exit>
    13d4:	0c 94 f4 09 	jmp	0x13e8	; 0x13e8 <__negsi2>

000013d8 <__divmodsi4_neg2>:
    13d8:	50 95       	com	r21
    13da:	40 95       	com	r20
    13dc:	30 95       	com	r19
    13de:	21 95       	neg	r18
    13e0:	3f 4f       	sbci	r19, 0xFF	; 255
    13e2:	4f 4f       	sbci	r20, 0xFF	; 255
    13e4:	5f 4f       	sbci	r21, 0xFF	; 255

000013e6 <__divmodsi4_exit>:
    13e6:	08 95       	ret

000013e8 <__negsi2>:
    13e8:	90 95       	com	r25
    13ea:	80 95       	com	r24
    13ec:	70 95       	com	r23
    13ee:	61 95       	neg	r22
    13f0:	7f 4f       	sbci	r23, 0xFF	; 255
    13f2:	8f 4f       	sbci	r24, 0xFF	; 255
    13f4:	9f 4f       	sbci	r25, 0xFF	; 255
    13f6:	08 95       	ret

000013f8 <__muluhisi3>:
    13f8:	0e 94 68 0a 	call	0x14d0	; 0x14d0 <__umulhisi3>
    13fc:	a5 9f       	mul	r26, r21
    13fe:	90 0d       	add	r25, r0
    1400:	b4 9f       	mul	r27, r20
    1402:	90 0d       	add	r25, r0
    1404:	a4 9f       	mul	r26, r20
    1406:	80 0d       	add	r24, r0
    1408:	91 1d       	adc	r25, r1
    140a:	11 24       	eor	r1, r1
    140c:	08 95       	ret

0000140e <__mulshisi3>:
    140e:	b7 ff       	sbrs	r27, 7
    1410:	0c 94 fc 09 	jmp	0x13f8	; 0x13f8 <__muluhisi3>

00001414 <__mulohisi3>:
    1414:	0e 94 fc 09 	call	0x13f8	; 0x13f8 <__muluhisi3>
    1418:	82 1b       	sub	r24, r18
    141a:	93 0b       	sbc	r25, r19
    141c:	08 95       	ret

0000141e <__prologue_saves__>:
    141e:	2f 92       	push	r2
    1420:	3f 92       	push	r3
    1422:	4f 92       	push	r4
    1424:	5f 92       	push	r5
    1426:	6f 92       	push	r6
    1428:	7f 92       	push	r7
    142a:	8f 92       	push	r8
    142c:	9f 92       	push	r9
    142e:	af 92       	push	r10
    1430:	bf 92       	push	r11
    1432:	cf 92       	push	r12
    1434:	df 92       	push	r13
    1436:	ef 92       	push	r14
    1438:	ff 92       	push	r15
    143a:	0f 93       	push	r16
    143c:	1f 93       	push	r17
    143e:	cf 93       	push	r28
    1440:	df 93       	push	r29
    1442:	cd b7       	in	r28, 0x3d	; 61
    1444:	de b7       	in	r29, 0x3e	; 62
    1446:	ca 1b       	sub	r28, r26
    1448:	db 0b       	sbc	r29, r27
    144a:	0f b6       	in	r0, 0x3f	; 63
    144c:	f8 94       	cli
    144e:	de bf       	out	0x3e, r29	; 62
    1450:	0f be       	out	0x3f, r0	; 63
    1452:	cd bf       	out	0x3d, r28	; 61
    1454:	09 94       	ijmp

00001456 <__epilogue_restores__>:
    1456:	2a 88       	ldd	r2, Y+18	; 0x12
    1458:	39 88       	ldd	r3, Y+17	; 0x11
    145a:	48 88       	ldd	r4, Y+16	; 0x10
    145c:	5f 84       	ldd	r5, Y+15	; 0x0f
    145e:	6e 84       	ldd	r6, Y+14	; 0x0e
    1460:	7d 84       	ldd	r7, Y+13	; 0x0d
    1462:	8c 84       	ldd	r8, Y+12	; 0x0c
    1464:	9b 84       	ldd	r9, Y+11	; 0x0b
    1466:	aa 84       	ldd	r10, Y+10	; 0x0a
    1468:	b9 84       	ldd	r11, Y+9	; 0x09
    146a:	c8 84       	ldd	r12, Y+8	; 0x08
    146c:	df 80       	ldd	r13, Y+7	; 0x07
    146e:	ee 80       	ldd	r14, Y+6	; 0x06
    1470:	fd 80       	ldd	r15, Y+5	; 0x05
    1472:	0c 81       	ldd	r16, Y+4	; 0x04
    1474:	1b 81       	ldd	r17, Y+3	; 0x03
    1476:	aa 81       	ldd	r26, Y+2	; 0x02
    1478:	b9 81       	ldd	r27, Y+1	; 0x01
    147a:	ce 0f       	add	r28, r30
    147c:	d1 1d       	adc	r29, r1
    147e:	0f b6       	in	r0, 0x3f	; 63
    1480:	f8 94       	cli
    1482:	de bf       	out	0x3e, r29	; 62
    1484:	0f be       	out	0x3f, r0	; 63
    1486:	cd bf       	out	0x3d, r28	; 61
    1488:	ed 01       	movw	r28, r26
    148a:	08 95       	ret

0000148c <__udivmodsi4>:
    148c:	a1 e2       	ldi	r26, 0x21	; 33
    148e:	1a 2e       	mov	r1, r26
    1490:	aa 1b       	sub	r26, r26
    1492:	bb 1b       	sub	r27, r27
    1494:	fd 01       	movw	r30, r26
    1496:	0d c0       	rjmp	.+26     	; 0x14b2 <__udivmodsi4_ep>

00001498 <__udivmodsi4_loop>:
    1498:	aa 1f       	adc	r26, r26
    149a:	bb 1f       	adc	r27, r27
    149c:	ee 1f       	adc	r30, r30
    149e:	ff 1f       	adc	r31, r31
    14a0:	a2 17       	cp	r26, r18
    14a2:	b3 07       	cpc	r27, r19
    14a4:	e4 07       	cpc	r30, r20
    14a6:	f5 07       	cpc	r31, r21
    14a8:	20 f0       	brcs	.+8      	; 0x14b2 <__udivmodsi4_ep>
    14aa:	a2 1b       	sub	r26, r18
    14ac:	b3 0b       	sbc	r27, r19
    14ae:	e4 0b       	sbc	r30, r20
    14b0:	f5 0b       	sbc	r31, r21

000014b2 <__udivmodsi4_ep>:
    14b2:	66 1f       	adc	r22, r22
    14b4:	77 1f       	adc	r23, r23
    14b6:	88 1f       	adc	r24, r24
    14b8:	99 1f       	adc	r25, r25
    14ba:	1a 94       	dec	r1
    14bc:	69 f7       	brne	.-38     	; 0x1498 <__udivmodsi4_loop>
    14be:	60 95       	com	r22
    14c0:	70 95       	com	r23
    14c2:	80 95       	com	r24
    14c4:	90 95       	com	r25
    14c6:	9b 01       	movw	r18, r22
    14c8:	ac 01       	movw	r20, r24
    14ca:	bd 01       	movw	r22, r26
    14cc:	cf 01       	movw	r24, r30
    14ce:	08 95       	ret

000014d0 <__umulhisi3>:
    14d0:	a2 9f       	mul	r26, r18
    14d2:	b0 01       	movw	r22, r0
    14d4:	b3 9f       	mul	r27, r19
    14d6:	c0 01       	movw	r24, r0
    14d8:	a3 9f       	mul	r26, r19
    14da:	70 0d       	add	r23, r0
    14dc:	81 1d       	adc	r24, r1
    14de:	11 24       	eor	r1, r1
    14e0:	91 1d       	adc	r25, r1
    14e2:	b2 9f       	mul	r27, r18
    14e4:	70 0d       	add	r23, r0
    14e6:	81 1d       	adc	r24, r1
    14e8:	11 24       	eor	r1, r1
    14ea:	91 1d       	adc	r25, r1
    14ec:	08 95       	ret

000014ee <_exit>:
    14ee:	f8 94       	cli

000014f0 <__stop_program>:
    14f0:	ff cf       	rjmp	.-2      	; 0x14f0 <__stop_program>
